<?xml version="1.0" encoding="ISO-8859-1" ?>
<link_info>
   <banner>TI ARM Linker Unix v18.1.3.LTS</banner>
   <copyright>Copyright (c) 1996-2017 Texas Instruments Incorporated</copyright>
   <link_time>0x5bfa3b5d</link_time>
   <link_errors>0x1</link_errors>
   <output_file>http_sensor.out</output_file>
   <entry_point>
      <name>_c_int00_noargs</name>
      <address>0x2000fdc9</address>
   </entry_point>
   <input_file_list>
      <input_file id="fl-1">
         <path>./</path>
         <kind>object</kind>
         <file>i2c_if.obj</file>
         <name>i2c_if.obj</name>
      </input_file>
      <input_file id="fl-2">
         <path>./</path>
         <kind>object</kind>
         <file>main.obj</file>
         <name>main.obj</name>
      </input_file>
      <input_file id="fl-3">
         <path>./</path>
         <kind>object</kind>
         <file>network_common.obj</file>
         <name>network_common.obj</name>
      </input_file>
      <input_file id="fl-4">
         <path>./</path>
         <kind>object</kind>
         <file>pinmux.obj</file>
         <name>pinmux.obj</name>
      </input_file>
      <input_file id="fl-5">
         <path>./</path>
         <kind>object</kind>
         <file>startup_ccs.obj</file>
         <name>startup_ccs.obj</name>
      </input_file>
      <input_file id="fl-6">
         <path>./</path>
         <kind>object</kind>
         <file>tmp006drv.obj</file>
         <name>tmp006drv.obj</name>
      </input_file>
      <input_file id="fl-7">
         <path>./</path>
         <kind>object</kind>
         <file>uart_if.obj</file>
         <name>uart_if.obj</name>
      </input_file>
      <input_file id="fl-f">
         <kind>object</kind>
         <file>&lt;internal&gt;</file>
         <name>&lt;internal&gt;</name>
      </input_file>
      <input_file id="fl-c5">
         <path>/opt/ti/ccsv8/tools/compiler/ti-cgt-arm_18.1.3.LTS/lib/</path>
         <kind>archive</kind>
         <file>rtsv7M4_T_le_eabi.lib</file>
         <name>e_pow.c.obj</name>
      </input_file>
      <input_file id="fl-c6">
         <path>/opt/ti/ccsv8/tools/compiler/ti-cgt-arm_18.1.3.LTS/lib/</path>
         <kind>archive</kind>
         <file>rtsv7M4_T_le_eabi.lib</file>
         <name>e_sqrt.c.obj</name>
      </input_file>
      <input_file id="fl-c7">
         <path>/opt/ti/ccsv8/tools/compiler/ti-cgt-arm_18.1.3.LTS/lib/</path>
         <kind>archive</kind>
         <file>rtsv7M4_T_le_eabi.lib</file>
         <name>s_scalbn.c.obj</name>
      </input_file>
      <input_file id="fl-c8">
         <path>/opt/ti/ccsv8/tools/compiler/ti-cgt-arm_18.1.3.LTS/lib/</path>
         <kind>archive</kind>
         <file>rtsv7M4_T_le_eabi.lib</file>
         <name>s_copysign.c.obj</name>
      </input_file>
      <input_file id="fl-c9">
         <path>/opt/ti/ccsv8/tools/compiler/ti-cgt-arm_18.1.3.LTS/lib/</path>
         <kind>archive</kind>
         <file>rtsv7M4_T_le_eabi.lib</file>
         <name>memset_t2.asm.obj</name>
      </input_file>
      <input_file id="fl-ca">
         <path>/opt/ti/ccsv8/tools/compiler/ti-cgt-arm_18.1.3.LTS/lib/</path>
         <kind>archive</kind>
         <file>rtsv7M4_T_le_eabi.lib</file>
         <name>fd_add_t2.asm.obj</name>
      </input_file>
      <input_file id="fl-cb">
         <path>/opt/ti/ccsv8/tools/compiler/ti-cgt-arm_18.1.3.LTS/lib/</path>
         <kind>archive</kind>
         <file>rtsv7M4_T_le_eabi.lib</file>
         <name>fd_cmp_t2.asm.obj</name>
      </input_file>
      <input_file id="fl-cc">
         <path>/opt/ti/ccsv8/tools/compiler/ti-cgt-arm_18.1.3.LTS/lib/</path>
         <kind>archive</kind>
         <file>rtsv7M4_T_le_eabi.lib</file>
         <name>fd_div_t2.asm.obj</name>
      </input_file>
      <input_file id="fl-cd">
         <path>/opt/ti/ccsv8/tools/compiler/ti-cgt-arm_18.1.3.LTS/lib/</path>
         <kind>archive</kind>
         <file>rtsv7M4_T_le_eabi.lib</file>
         <name>fd_mul_t2.asm.obj</name>
      </input_file>
      <input_file id="fl-ce">
         <path>/opt/ti/ccsv8/tools/compiler/ti-cgt-arm_18.1.3.LTS/lib/</path>
         <kind>archive</kind>
         <file>rtsv7M4_T_le_eabi.lib</file>
         <name>fd_tos_t2.asm.obj</name>
      </input_file>
      <input_file id="fl-cf">
         <path>/opt/ti/ccsv8/tools/compiler/ti-cgt-arm_18.1.3.LTS/lib/</path>
         <kind>archive</kind>
         <file>rtsv7M4_T_le_eabi.lib</file>
         <name>fs_tod_t2.asm.obj</name>
      </input_file>
      <input_file id="fl-d0">
         <path>/opt/ti/ccsv8/tools/compiler/ti-cgt-arm_18.1.3.LTS/lib/</path>
         <kind>archive</kind>
         <file>rtsv7M4_T_le_eabi.lib</file>
         <name>i_tofd_t2.asm.obj</name>
      </input_file>
      <input_file id="fl-d1">
         <path>/opt/ti/ccsv8/tools/compiler/ti-cgt-arm_18.1.3.LTS/lib/</path>
         <kind>archive</kind>
         <file>rtsv7M4_T_le_eabi.lib</file>
         <name>memcpy_t2.asm.obj</name>
      </input_file>
      <input_file id="fl-d2">
         <path>/opt/ti/ccsv8/tools/compiler/ti-cgt-arm_18.1.3.LTS/lib/</path>
         <kind>archive</kind>
         <file>rtsv7M4_T_le_eabi.lib</file>
         <name>copy_zero_init.c.obj</name>
      </input_file>
      <input_file id="fl-d3">
         <path>/opt/ti/ccsv8/tools/compiler/ti-cgt-arm_18.1.3.LTS/lib/</path>
         <kind>archive</kind>
         <file>rtsv7M4_T_le_eabi.lib</file>
         <name>copy_decompress_none.c.obj</name>
      </input_file>
      <input_file id="fl-d4">
         <path>/opt/ti/ccsv8/tools/compiler/ti-cgt-arm_18.1.3.LTS/lib/</path>
         <kind>archive</kind>
         <file>rtsv7M4_T_le_eabi.lib</file>
         <name>copy_decompress_lzss.c.obj</name>
      </input_file>
      <input_file id="fl-d5">
         <path>/opt/ti/ccsv8/tools/compiler/ti-cgt-arm_18.1.3.LTS/lib/</path>
         <kind>archive</kind>
         <file>rtsv7M4_T_le_eabi.lib</file>
         <name>memory.c.obj</name>
      </input_file>
      <input_file id="fl-d6">
         <path>/opt/ti/ccsv8/tools/compiler/ti-cgt-arm_18.1.3.LTS/lib/</path>
         <kind>archive</kind>
         <file>rtsv7M4_T_le_eabi.lib</file>
         <name>_lock.c.obj</name>
      </input_file>
      <input_file id="fl-d7">
         <path>/opt/ti/ccsv8/tools/compiler/ti-cgt-arm_18.1.3.LTS/lib/</path>
         <kind>archive</kind>
         <file>rtsv7M4_T_le_eabi.lib</file>
         <name>assert.c.obj</name>
      </input_file>
      <input_file id="fl-d8">
         <path>/opt/ti/ccsv8/tools/compiler/ti-cgt-arm_18.1.3.LTS/lib/</path>
         <kind>archive</kind>
         <file>rtsv7M4_T_le_eabi.lib</file>
         <name>defs.c.obj</name>
      </input_file>
      <input_file id="fl-d9">
         <path>/opt/ti/ccsv8/tools/compiler/ti-cgt-arm_18.1.3.LTS/lib/</path>
         <kind>archive</kind>
         <file>rtsv7M4_T_le_eabi.lib</file>
         <name>fflush.c.obj</name>
      </input_file>
      <input_file id="fl-da">
         <path>/opt/ti/ccsv8/tools/compiler/ti-cgt-arm_18.1.3.LTS/lib/</path>
         <kind>archive</kind>
         <file>rtsv7M4_T_le_eabi.lib</file>
         <name>fputs.c.obj</name>
      </input_file>
      <input_file id="fl-db">
         <path>/opt/ti/ccsv8/tools/compiler/ti-cgt-arm_18.1.3.LTS/lib/</path>
         <kind>archive</kind>
         <file>rtsv7M4_T_le_eabi.lib</file>
         <name>memchr.c.obj</name>
      </input_file>
      <input_file id="fl-dc">
         <path>/opt/ti/ccsv8/tools/compiler/ti-cgt-arm_18.1.3.LTS/lib/</path>
         <kind>archive</kind>
         <file>rtsv7M4_T_le_eabi.lib</file>
         <name>memmov.c.obj</name>
      </input_file>
      <input_file id="fl-dd">
         <path>/opt/ti/ccsv8/tools/compiler/ti-cgt-arm_18.1.3.LTS/lib/</path>
         <kind>archive</kind>
         <file>rtsv7M4_T_le_eabi.lib</file>
         <name>snprintf.c.obj</name>
      </input_file>
      <input_file id="fl-de">
         <path>/opt/ti/ccsv8/tools/compiler/ti-cgt-arm_18.1.3.LTS/lib/</path>
         <kind>archive</kind>
         <file>rtsv7M4_T_le_eabi.lib</file>
         <name>sprintf.c.obj</name>
      </input_file>
      <input_file id="fl-df">
         <path>/opt/ti/ccsv8/tools/compiler/ti-cgt-arm_18.1.3.LTS/lib/</path>
         <kind>archive</kind>
         <file>rtsv7M4_T_le_eabi.lib</file>
         <name>strcat.c.obj</name>
      </input_file>
      <input_file id="fl-e0">
         <path>/opt/ti/ccsv8/tools/compiler/ti-cgt-arm_18.1.3.LTS/lib/</path>
         <kind>archive</kind>
         <file>rtsv7M4_T_le_eabi.lib</file>
         <name>strdup.c.obj</name>
      </input_file>
      <input_file id="fl-e1">
         <path>/opt/ti/ccsv8/tools/compiler/ti-cgt-arm_18.1.3.LTS/lib/</path>
         <kind>archive</kind>
         <file>rtsv7M4_T_le_eabi.lib</file>
         <name>strlen.c.obj</name>
      </input_file>
      <input_file id="fl-e2">
         <path>/opt/ti/ccsv8/tools/compiler/ti-cgt-arm_18.1.3.LTS/lib/</path>
         <kind>archive</kind>
         <file>rtsv7M4_T_le_eabi.lib</file>
         <name>strncmp.c.obj</name>
      </input_file>
      <input_file id="fl-e3">
         <path>/opt/ti/ccsv8/tools/compiler/ti-cgt-arm_18.1.3.LTS/lib/</path>
         <kind>archive</kind>
         <file>rtsv7M4_T_le_eabi.lib</file>
         <name>strtok.c.obj</name>
      </input_file>
      <input_file id="fl-e4">
         <path>/opt/ti/ccsv8/tools/compiler/ti-cgt-arm_18.1.3.LTS/lib/</path>
         <kind>archive</kind>
         <file>rtsv7M4_T_le_eabi.lib</file>
         <name>strtoul.c.obj</name>
      </input_file>
      <input_file id="fl-e5">
         <path>/opt/ti/ccsv8/tools/compiler/ti-cgt-arm_18.1.3.LTS/lib/</path>
         <kind>archive</kind>
         <file>rtsv7M4_T_le_eabi.lib</file>
         <name>vsnprintf.c.obj</name>
      </input_file>
      <input_file id="fl-e6">
         <path>/opt/ti/ccsv8/tools/compiler/ti-cgt-arm_18.1.3.LTS/lib/</path>
         <kind>archive</kind>
         <file>rtsv7M4_T_le_eabi.lib</file>
         <name>write.c.obj</name>
      </input_file>
      <input_file id="fl-e7">
         <path>/opt/ti/ccsv8/tools/compiler/ti-cgt-arm_18.1.3.LTS/lib/</path>
         <kind>archive</kind>
         <file>rtsv7M4_T_le_eabi.lib</file>
         <name>errno.c.obj</name>
      </input_file>
      <input_file id="fl-e8">
         <path>/opt/ti/ccsv8/tools/compiler/ti-cgt-arm_18.1.3.LTS/lib/</path>
         <kind>archive</kind>
         <file>rtsv7M4_T_le_eabi.lib</file>
         <name>boot_cortex_m.c.obj</name>
      </input_file>
      <input_file id="fl-e9">
         <path>/opt/ti/ccsv8/tools/compiler/ti-cgt-arm_18.1.3.LTS/lib/</path>
         <kind>archive</kind>
         <file>rtsv7M4_T_le_eabi.lib</file>
         <name>autoinit.c.obj</name>
      </input_file>
      <input_file id="fl-ea">
         <path>/opt/ti/ccsv8/tools/compiler/ti-cgt-arm_18.1.3.LTS/lib/</path>
         <kind>archive</kind>
         <file>rtsv7M4_T_le_eabi.lib</file>
         <name>pre_init.c.obj</name>
      </input_file>
      <input_file id="fl-eb">
         <path>/opt/ti/ccsv8/tools/compiler/ti-cgt-arm_18.1.3.LTS/lib/</path>
         <kind>archive</kind>
         <file>rtsv7M4_T_le_eabi.lib</file>
         <name>cpy_tbl.c.obj</name>
      </input_file>
      <input_file id="fl-ec">
         <path>/opt/ti/ccsv8/tools/compiler/ti-cgt-arm_18.1.3.LTS/lib/</path>
         <kind>archive</kind>
         <file>rtsv7M4_T_le_eabi.lib</file>
         <name>exit.c.obj</name>
      </input_file>
      <input_file id="fl-ed">
         <path>/opt/ti/ccsv8/tools/compiler/ti-cgt-arm_18.1.3.LTS/lib/</path>
         <kind>archive</kind>
         <file>rtsv7M4_T_le_eabi.lib</file>
         <name>_io_perm.c.obj</name>
      </input_file>
      <input_file id="fl-ee">
         <path>/opt/ti/ccsv8/tools/compiler/ti-cgt-arm_18.1.3.LTS/lib/</path>
         <kind>archive</kind>
         <file>rtsv7M4_T_le_eabi.lib</file>
         <name>_printfi.c.obj</name>
      </input_file>
      <input_file id="fl-ef">
         <path>/opt/ti/ccsv8/tools/compiler/ti-cgt-arm_18.1.3.LTS/lib/</path>
         <kind>archive</kind>
         <file>rtsv7M4_T_le_eabi.lib</file>
         <name>args_main.c.obj</name>
      </input_file>
      <input_file id="fl-f0">
         <path>/opt/ti/ccsv8/tools/compiler/ti-cgt-arm_18.1.3.LTS/lib/</path>
         <kind>archive</kind>
         <file>rtsv7M4_T_le_eabi.lib</file>
         <name>atoi.c.obj</name>
      </input_file>
      <input_file id="fl-f1">
         <path>/opt/ti/ccsv8/tools/compiler/ti-cgt-arm_18.1.3.LTS/lib/</path>
         <kind>archive</kind>
         <file>rtsv7M4_T_le_eabi.lib</file>
         <name>ctype.c.obj</name>
      </input_file>
      <input_file id="fl-f2">
         <path>/opt/ti/ccsv8/tools/compiler/ti-cgt-arm_18.1.3.LTS/lib/</path>
         <kind>archive</kind>
         <file>rtsv7M4_T_le_eabi.lib</file>
         <name>fseek.c.obj</name>
      </input_file>
      <input_file id="fl-f3">
         <path>/opt/ti/ccsv8/tools/compiler/ti-cgt-arm_18.1.3.LTS/lib/</path>
         <kind>archive</kind>
         <file>rtsv7M4_T_le_eabi.lib</file>
         <name>lseek.c.obj</name>
      </input_file>
      <input_file id="fl-f4">
         <path>/opt/ti/ccsv8/tools/compiler/ti-cgt-arm_18.1.3.LTS/lib/</path>
         <kind>archive</kind>
         <file>rtsv7M4_T_le_eabi.lib</file>
         <name>ltoa.c.obj</name>
      </input_file>
      <input_file id="fl-f5">
         <path>/opt/ti/ccsv8/tools/compiler/ti-cgt-arm_18.1.3.LTS/lib/</path>
         <kind>archive</kind>
         <file>rtsv7M4_T_le_eabi.lib</file>
         <name>memccpy.c.obj</name>
      </input_file>
      <input_file id="fl-f6">
         <path>/opt/ti/ccsv8/tools/compiler/ti-cgt-arm_18.1.3.LTS/lib/</path>
         <kind>archive</kind>
         <file>rtsv7M4_T_le_eabi.lib</file>
         <name>setvbuf.c.obj</name>
      </input_file>
      <input_file id="fl-f7">
         <path>/opt/ti/ccsv8/tools/compiler/ti-cgt-arm_18.1.3.LTS/lib/</path>
         <kind>archive</kind>
         <file>rtsv7M4_T_le_eabi.lib</file>
         <name>strchr.c.obj</name>
      </input_file>
      <input_file id="fl-f8">
         <path>/opt/ti/ccsv8/tools/compiler/ti-cgt-arm_18.1.3.LTS/lib/</path>
         <kind>archive</kind>
         <file>rtsv7M4_T_le_eabi.lib</file>
         <name>strcpy.c.obj</name>
      </input_file>
      <input_file id="fl-f9">
         <path>/opt/ti/ccsv8/tools/compiler/ti-cgt-arm_18.1.3.LTS/lib/</path>
         <kind>archive</kind>
         <file>rtsv7M4_T_le_eabi.lib</file>
         <name>strcspn.c.obj</name>
      </input_file>
      <input_file id="fl-fa">
         <path>/opt/ti/ccsv8/tools/compiler/ti-cgt-arm_18.1.3.LTS/lib/</path>
         <kind>archive</kind>
         <file>rtsv7M4_T_le_eabi.lib</file>
         <name>strspn.c.obj</name>
      </input_file>
      <input_file id="fl-fb">
         <path>/opt/ti/ccsv8/tools/compiler/ti-cgt-arm_18.1.3.LTS/lib/</path>
         <kind>archive</kind>
         <file>rtsv7M4_T_le_eabi.lib</file>
         <name>hostclose.c.obj</name>
      </input_file>
      <input_file id="fl-fc">
         <path>/opt/ti/ccsv8/tools/compiler/ti-cgt-arm_18.1.3.LTS/lib/</path>
         <kind>archive</kind>
         <file>rtsv7M4_T_le_eabi.lib</file>
         <name>hostlseek.c.obj</name>
      </input_file>
      <input_file id="fl-fd">
         <path>/opt/ti/ccsv8/tools/compiler/ti-cgt-arm_18.1.3.LTS/lib/</path>
         <kind>archive</kind>
         <file>rtsv7M4_T_le_eabi.lib</file>
         <name>hostopen.c.obj</name>
      </input_file>
      <input_file id="fl-fe">
         <path>/opt/ti/ccsv8/tools/compiler/ti-cgt-arm_18.1.3.LTS/lib/</path>
         <kind>archive</kind>
         <file>rtsv7M4_T_le_eabi.lib</file>
         <name>hostread.c.obj</name>
      </input_file>
      <input_file id="fl-ff">
         <path>/opt/ti/ccsv8/tools/compiler/ti-cgt-arm_18.1.3.LTS/lib/</path>
         <kind>archive</kind>
         <file>rtsv7M4_T_le_eabi.lib</file>
         <name>hostrename.c.obj</name>
      </input_file>
      <input_file id="fl-100">
         <path>/opt/ti/ccsv8/tools/compiler/ti-cgt-arm_18.1.3.LTS/lib/</path>
         <kind>archive</kind>
         <file>rtsv7M4_T_le_eabi.lib</file>
         <name>hostunlink.c.obj</name>
      </input_file>
      <input_file id="fl-101">
         <path>/opt/ti/ccsv8/tools/compiler/ti-cgt-arm_18.1.3.LTS/lib/</path>
         <kind>archive</kind>
         <file>rtsv7M4_T_le_eabi.lib</file>
         <name>hostwrite.c.obj</name>
      </input_file>
      <input_file id="fl-102">
         <path>/opt/ti/ccsv8/tools/compiler/ti-cgt-arm_18.1.3.LTS/lib/</path>
         <kind>archive</kind>
         <file>rtsv7M4_T_le_eabi.lib</file>
         <name>trgmsg.c.obj</name>
      </input_file>
      <input_file id="fl-103">
         <path>/opt/ti/ccsv8/tools/compiler/ti-cgt-arm_18.1.3.LTS/lib/</path>
         <kind>archive</kind>
         <file>rtsv7M4_T_le_eabi.lib</file>
         <name>s_frexp.c.obj</name>
      </input_file>
      <input_file id="fl-104">
         <path>/opt/ti/ccsv8/tools/compiler/ti-cgt-arm_18.1.3.LTS/lib/</path>
         <kind>archive</kind>
         <file>rtsv7M4_T_le_eabi.lib</file>
         <name>wcslen.c.obj</name>
      </input_file>
      <input_file id="fl-105">
         <path>/opt/ti/ccsv8/tools/compiler/ti-cgt-arm_18.1.3.LTS/lib/</path>
         <kind>archive</kind>
         <file>rtsv7M4_T_le_eabi.lib</file>
         <name>ull_div_t2.asm.obj</name>
      </input_file>
      <input_file id="fl-106">
         <path>/opt/ti/ccsv8/tools/compiler/ti-cgt-arm_18.1.3.LTS/lib/</path>
         <kind>archive</kind>
         <file>rtsv7M4_T_le_eabi.lib</file>
         <name>fd_toi_t2.asm.obj</name>
      </input_file>
      <input_file id="fl-107">
         <path>/opt/ti/ccsv8/tools/compiler/ti-cgt-arm_18.1.3.LTS/lib/</path>
         <kind>archive</kind>
         <file>rtsv7M4_T_le_eabi.lib</file>
         <name>fopen.c.obj</name>
      </input_file>
      <input_file id="fl-108">
         <path>/opt/ti/ccsv8/tools/compiler/ti-cgt-arm_18.1.3.LTS/lib/</path>
         <kind>archive</kind>
         <file>rtsv7M4_T_le_eabi.lib</file>
         <name>open.c.obj</name>
      </input_file>
      <input_file id="fl-109">
         <path>/opt/ti/ccsv8/tools/compiler/ti-cgt-arm_18.1.3.LTS/lib/</path>
         <kind>archive</kind>
         <file>rtsv7M4_T_le_eabi.lib</file>
         <name>div0.asm.obj</name>
      </input_file>
      <input_file id="fl-10a">
         <path>/opt/ti/ccsv8/tools/compiler/ti-cgt-arm_18.1.3.LTS/lib/</path>
         <kind>archive</kind>
         <file>rtsv7M4_T_le_eabi.lib</file>
         <name>fclose.c.obj</name>
      </input_file>
      <input_file id="fl-10b">
         <path>/opt/ti/ccsv8/tools/compiler/ti-cgt-arm_18.1.3.LTS/lib/</path>
         <kind>archive</kind>
         <file>rtsv7M4_T_le_eabi.lib</file>
         <name>getdevice.c.obj</name>
      </input_file>
      <input_file id="fl-10c">
         <path>/opt/ti/ccsv8/tools/compiler/ti-cgt-arm_18.1.3.LTS/lib/</path>
         <kind>archive</kind>
         <file>rtsv7M4_T_le_eabi.lib</file>
         <name>remove.c.obj</name>
      </input_file>
      <input_file id="fl-10d">
         <path>/opt/ti/ccsv8/tools/compiler/ti-cgt-arm_18.1.3.LTS/lib/</path>
         <kind>archive</kind>
         <file>rtsv7M4_T_le_eabi.lib</file>
         <name>strcmp.c.obj</name>
      </input_file>
      <input_file id="fl-10e">
         <path>/opt/ti/ccsv8/tools/compiler/ti-cgt-arm_18.1.3.LTS/lib/</path>
         <kind>archive</kind>
         <file>rtsv7M4_T_le_eabi.lib</file>
         <name>strncpy.c.obj</name>
      </input_file>
      <input_file id="fl-10f">
         <path>/opt/ti/ccsv8/tools/compiler/ti-cgt-arm_18.1.3.LTS/lib/</path>
         <kind>archive</kind>
         <file>rtsv7M4_T_le_eabi.lib</file>
         <name>unlink.c.obj</name>
      </input_file>
      <input_file id="fl-110">
         <path>/opt/ti/ccsv8/tools/compiler/ti-cgt-arm_18.1.3.LTS/lib/</path>
         <kind>archive</kind>
         <file>rtsv7M4_T_le_eabi.lib</file>
         <name>close.c.obj</name>
      </input_file>
      <input_file id="fl-111">
         <path>/home/monius/ti/CC3200SDK_1.3.0/cc3200-sdk/driverlib/ccs/Release/</path>
         <kind>archive</kind>
         <file>driverlib.a</file>
         <name>gpio.obj</name>
      </input_file>
      <input_file id="fl-112">
         <path>/home/monius/ti/CC3200SDK_1.3.0/cc3200-sdk/driverlib/ccs/Release/</path>
         <kind>archive</kind>
         <file>driverlib.a</file>
         <name>i2c.obj</name>
      </input_file>
      <input_file id="fl-113">
         <path>/home/monius/ti/CC3200SDK_1.3.0/cc3200-sdk/driverlib/ccs/Release/</path>
         <kind>archive</kind>
         <file>driverlib.a</file>
         <name>interrupt.obj</name>
      </input_file>
      <input_file id="fl-114">
         <path>/home/monius/ti/CC3200SDK_1.3.0/cc3200-sdk/driverlib/ccs/Release/</path>
         <kind>archive</kind>
         <file>driverlib.a</file>
         <name>pin.obj</name>
      </input_file>
      <input_file id="fl-115">
         <path>/home/monius/ti/CC3200SDK_1.3.0/cc3200-sdk/driverlib/ccs/Release/</path>
         <kind>archive</kind>
         <file>driverlib.a</file>
         <name>prcm.obj</name>
      </input_file>
      <input_file id="fl-116">
         <path>/home/monius/ti/CC3200SDK_1.3.0/cc3200-sdk/driverlib/ccs/Release/</path>
         <kind>archive</kind>
         <file>driverlib.a</file>
         <name>uart.obj</name>
      </input_file>
      <input_file id="fl-117">
         <path>/home/monius/ti/CC3200SDK_1.3.0/cc3200-sdk/driverlib/ccs/Release/</path>
         <kind>archive</kind>
         <file>driverlib.a</file>
         <name>utils.obj</name>
      </input_file>
      <input_file id="fl-118">
         <path>/home/monius/ti/CC3200SDK_1.3.0/cc3200-sdk/driverlib/ccs/Release/</path>
         <kind>archive</kind>
         <file>driverlib.a</file>
         <name>cpu.obj</name>
      </input_file>
      <input_file id="fl-119">
         <path>/home/monius/ti/CC3200SDK_1.3.0/cc3200-sdk/driverlib/ccs/Release/</path>
         <kind>archive</kind>
         <file>driverlib.a</file>
         <name>flash.obj</name>
      </input_file>
      <input_file id="fl-11a">
         <path>/home/monius/ti/CC3200SDK_1.3.0/cc3200-sdk/simplelink/ccs/NON_OS/</path>
         <kind>archive</kind>
         <file>simplelink.a</file>
         <name>device.obj</name>
      </input_file>
      <input_file id="fl-11b">
         <path>/home/monius/ti/CC3200SDK_1.3.0/cc3200-sdk/simplelink/ccs/NON_OS/</path>
         <kind>archive</kind>
         <file>simplelink.a</file>
         <name>driver.obj</name>
      </input_file>
      <input_file id="fl-11c">
         <path>/home/monius/ti/CC3200SDK_1.3.0/cc3200-sdk/simplelink/ccs/NON_OS/</path>
         <kind>archive</kind>
         <file>simplelink.a</file>
         <name>netapp.obj</name>
      </input_file>
      <input_file id="fl-11d">
         <path>/home/monius/ti/CC3200SDK_1.3.0/cc3200-sdk/simplelink/ccs/NON_OS/</path>
         <kind>archive</kind>
         <file>simplelink.a</file>
         <name>netcfg.obj</name>
      </input_file>
      <input_file id="fl-11e">
         <path>/home/monius/ti/CC3200SDK_1.3.0/cc3200-sdk/simplelink/ccs/NON_OS/</path>
         <kind>archive</kind>
         <file>simplelink.a</file>
         <name>nonos.obj</name>
      </input_file>
      <input_file id="fl-11f">
         <path>/home/monius/ti/CC3200SDK_1.3.0/cc3200-sdk/simplelink/ccs/NON_OS/</path>
         <kind>archive</kind>
         <file>simplelink.a</file>
         <name>socket.obj</name>
      </input_file>
      <input_file id="fl-120">
         <path>/home/monius/ti/CC3200SDK_1.3.0/cc3200-sdk/simplelink/ccs/NON_OS/</path>
         <kind>archive</kind>
         <file>simplelink.a</file>
         <name>wlan.obj</name>
      </input_file>
      <input_file id="fl-121">
         <path>/home/monius/ti/CC3200SDK_1.3.0/cc3200-sdk/simplelink/ccs/NON_OS/</path>
         <kind>archive</kind>
         <file>simplelink.a</file>
         <name>cc_pal.obj</name>
      </input_file>
      <input_file id="fl-122">
         <path>/home/monius/ti/CC3200SDK_1.3.0/cc3200-sdk/netapps/http/client/ccs/HTTPClientMinLib/</path>
         <kind>archive</kind>
         <file>webclient.a</file>
         <name>httpcli.obj</name>
      </input_file>
      <input_file id="fl-123">
         <path>/home/monius/ti/CC3200SDK_1.3.0/cc3200-sdk/netapps/http/client/ccs/HTTPClientMinLib/</path>
         <kind>archive</kind>
         <file>webclient.a</file>
         <name>ssock.obj</name>
      </input_file>
      <input_file id="fl-124">
         <path>/home/monius/ti/CC3200SDK_1.3.0/cc3200-sdk/netapps/json/ccs/Release/</path>
         <kind>archive</kind>
         <file>json.a</file>
         <name>jsmn.obj</name>
      </input_file>
      <input_file id="fl-125">
         <path>/home/monius/ti/CC3200SDK_1.3.0/cc3200-sdk/driverlib/ccs/Release/</path>
         <kind>archive</kind>
         <file>driverlib.a</file>
         <name>spi.obj</name>
      </input_file>
      <input_file id="fl-126">
         <path>/home/monius/ti/CC3200SDK_1.3.0/cc3200-sdk/driverlib/ccs/Release/</path>
         <kind>archive</kind>
         <file>driverlib.a</file>
         <name>timer.obj</name>
      </input_file>
      <input_file id="fl-127">
         <path>/home/monius/ti/CC3200SDK_1.3.0/cc3200-sdk/driverlib/ccs/Release/</path>
         <kind>archive</kind>
         <file>driverlib.a</file>
         <name>udma.obj</name>
      </input_file>
   </input_file_list>
   <object_component_list>
      <object_component id="oc-f">
         <name>.intvecs</name>
         <load_address>0x20004000</load_address>
         <run_address>0x20004000</run_address>
         <size>0x400</size>
         <input_file_ref idref="fl-5"/>
      </object_component>
      <object_component id="oc-94">
         <name>.text</name>
         <load_address>0x20004400</load_address>
         <run_address>0x20004400</run_address>
         <size>0x18bc</size>
         <input_file_ref idref="fl-2"/>
      </object_component>
      <object_component id="oc-12a">
         <name>.text</name>
         <load_address>0x20005cbc</load_address>
         <run_address>0x20005cbc</run_address>
         <size>0xfc4</size>
         <input_file_ref idref="fl-122"/>
      </object_component>
      <object_component id="oc-45f">
         <name>.text:__TI_printfi</name>
         <load_address>0x20006c80</load_address>
         <run_address>0x20006c80</run_address>
         <size>0xa4a</size>
         <input_file_ref idref="fl-ee"/>
      </object_component>
      <object_component id="oc-7ff">
         <name>.text:IntDefaultHandler</name>
         <load_address>0x200076ca</load_address>
         <run_address>0x200076ca</run_address>
         <size>0x2</size>
         <input_file_ref idref="fl-113"/>
      </object_component>
      <object_component id="oc-4c4">
         <name>.text:pow</name>
         <load_address>0x200076cc</load_address>
         <run_address>0x200076cc</run_address>
         <size>0x9b8</size>
         <input_file_ref idref="fl-c5"/>
      </object_component>
      <object_component id="oc-136">
         <name>.text</name>
         <load_address>0x20008084</load_address>
         <run_address>0x20008084</run_address>
         <size>0x5f0</size>
         <input_file_ref idref="fl-124"/>
      </object_component>
      <object_component id="oc-80e">
         <name>.text:_SlDrvMsgRead</name>
         <load_address>0x20008674</load_address>
         <run_address>0x20008674</run_address>
         <size>0x590</size>
         <input_file_ref idref="fl-11b"/>
      </object_component>
      <object_component id="oc-1ae">
         <name>.text</name>
         <load_address>0x20008c04</load_address>
         <run_address>0x20008c04</run_address>
         <size>0x428</size>
         <input_file_ref idref="fl-6"/>
      </object_component>
      <object_component id="oc-362">
         <name>.text</name>
         <load_address>0x2000902c</load_address>
         <run_address>0x2000902c</run_address>
         <size>0x2ea</size>
         <input_file_ref idref="fl-123"/>
      </object_component>
      <object_component id="oc-6ac">
         <name>.text:_nop</name>
         <load_address>0x20009316</load_address>
         <run_address>0x20009316</run_address>
         <size>0x2</size>
         <input_file_ref idref="fl-d6"/>
      </object_component>
      <object_component id="oc-1a8">
         <name>.text</name>
         <load_address>0x20009318</load_address>
         <run_address>0x20009318</run_address>
         <size>0x284</size>
         <input_file_ref idref="fl-1"/>
      </object_component>
      <object_component id="oc-c2">
         <name>.text</name>
         <load_address>0x2000959c</load_address>
         <run_address>0x2000959c</run_address>
         <size>0x280</size>
         <input_file_ref idref="fl-7"/>
      </object_component>
      <object_component id="oc-124">
         <name>.text:sl_WlanConnect</name>
         <load_address>0x2000981c</load_address>
         <run_address>0x2000981c</run_address>
         <size>0x27c</size>
         <input_file_ref idref="fl-120"/>
      </object_component>
      <object_component id="oc-731">
         <name>.text:_pconv_a</name>
         <load_address>0x20009a98</load_address>
         <run_address>0x20009a98</run_address>
         <size>0x268</size>
         <input_file_ref idref="fl-ee"/>
      </object_component>
      <object_component id="oc-925">
         <name>.text:_SlDrvRxHdrRead</name>
         <load_address>0x20009d00</load_address>
         <run_address>0x20009d00</run_address>
         <size>0x24c</size>
         <input_file_ref idref="fl-11b"/>
      </object_component>
      <object_component id="oc-833">
         <name>.text:_SlDrvDataReadOp</name>
         <load_address>0x20009f4c</load_address>
         <run_address>0x20009f4c</run_address>
         <size>0x1e4</size>
         <input_file_ref idref="fl-11b"/>
      </object_component>
      <object_component id="oc-2c6">
         <name>.text:_SlDrvReleasePoolObj</name>
         <load_address>0x2000a130</load_address>
         <run_address>0x2000a130</run_address>
         <size>0x1d0</size>
         <input_file_ref idref="fl-11b"/>
      </object_component>
      <object_component id="oc-71f">
         <name>.text:_pconv_g</name>
         <load_address>0x2000a300</load_address>
         <run_address>0x2000a300</run_address>
         <size>0x1cc</size>
         <input_file_ref idref="fl-ee"/>
      </object_component>
      <object_component id="oc-4ba">
         <name>.text</name>
         <load_address>0x2000a4cc</load_address>
         <run_address>0x2000a4cc</run_address>
         <size>0x1b6</size>
         <input_file_ref idref="fl-ca"/>
      </object_component>
      <object_component id="oc-9a3">
         <name>.text</name>
         <load_address>0x2000a682</load_address>
         <run_address>0x2000a682</run_address>
         <size>0x2</size>
         <input_file_ref idref="fl-109"/>
      </object_component>
      <object_component id="oc-29c">
         <name>.text:_SlDrvDriverCBInit</name>
         <load_address>0x2000a684</load_address>
         <run_address>0x2000a684</run_address>
         <size>0x1b4</size>
         <input_file_ref idref="fl-11b"/>
      </object_component>
      <object_component id="oc-619">
         <name>.text:_SlDrvMsgWrite</name>
         <load_address>0x2000a838</load_address>
         <run_address>0x2000a838</run_address>
         <size>0x19c</size>
         <input_file_ref idref="fl-11b"/>
      </object_component>
      <object_component id="oc-3e4">
         <name>.text:_SlDrvWaitForPoolObj</name>
         <load_address>0x2000a9d4</load_address>
         <run_address>0x2000a9d4</run_address>
         <size>0x190</size>
         <input_file_ref idref="fl-11b"/>
      </object_component>
      <object_component id="oc-38c">
         <name>.text:sl_Connect</name>
         <load_address>0x2000ab64</load_address>
         <run_address>0x2000ab64</run_address>
         <size>0x18c</size>
         <input_file_ref idref="fl-11f"/>
      </object_component>
      <object_component id="oc-179">
         <name>.text:PRCMCC3200MCUInit</name>
         <load_address>0x2000acf0</load_address>
         <run_address>0x2000acf0</run_address>
         <size>0x178</size>
         <input_file_ref idref="fl-115"/>
      </object_component>
      <object_component id="oc-937">
         <name>.text:_SlFindAndSetActiveObj</name>
         <load_address>0x2000ae68</load_address>
         <run_address>0x2000ae68</run_address>
         <size>0x170</size>
         <input_file_ref idref="fl-11b"/>
      </object_component>
      <object_component id="oc-774">
         <name>.text:sqrt</name>
         <load_address>0x2000afd8</load_address>
         <run_address>0x2000afd8</run_address>
         <size>0x15c</size>
         <input_file_ref idref="fl-c6"/>
      </object_component>
      <object_component id="oc-843">
         <name>.text:_SlDrvDataWriteOp</name>
         <load_address>0x2000b134</load_address>
         <run_address>0x2000b134</run_address>
         <size>0x150</size>
         <input_file_ref idref="fl-11b"/>
      </object_component>
      <object_component id="oc-2a2">
         <name>.text:spi_Open</name>
         <load_address>0x2000b284</load_address>
         <run_address>0x2000b284</run_address>
         <size>0x148</size>
         <input_file_ref idref="fl-121"/>
      </object_component>
      <object_component id="oc-61f">
         <name>.text:_SlDrvMsgReadCmdCtx</name>
         <load_address>0x2000b3cc</load_address>
         <run_address>0x2000b3cc</run_address>
         <size>0x144</size>
         <input_file_ref idref="fl-11b"/>
      </object_component>
      <object_component id="oc-154">
         <name>.text:sl_NetAppDnsGetHostByName</name>
         <load_address>0x2000b510</load_address>
         <run_address>0x2000b510</run_address>
         <size>0x144</size>
         <input_file_ref idref="fl-11c"/>
      </object_component>
      <object_component id="oc-72b">
         <name>.text:_pconv_e</name>
         <load_address>0x2000b654</load_address>
         <run_address>0x2000b654</run_address>
         <size>0x13c</size>
         <input_file_ref idref="fl-ee"/>
      </object_component>
      <object_component id="oc-4ca">
         <name>.text</name>
         <load_address>0x2000b790</load_address>
         <run_address>0x2000b790</run_address>
         <size>0x136</size>
         <input_file_ref idref="fl-cc"/>
      </object_component>
      <object_component id="oc-662">
         <name>.text:sl_Send</name>
         <load_address>0x2000b8c8</load_address>
         <run_address>0x2000b8c8</run_address>
         <size>0x134</size>
         <input_file_ref idref="fl-11f"/>
      </object_component>
      <object_component id="oc-30b">
         <name>.text:_SlDrvDriverCBDeinit</name>
         <load_address>0x2000b9fc</load_address>
         <run_address>0x2000b9fc</run_address>
         <size>0x130</size>
         <input_file_ref idref="fl-11b"/>
      </object_component>
      <object_component id="oc-8bc">
         <name>.text:fcvt</name>
         <load_address>0x2000bb2c</load_address>
         <run_address>0x2000bb2c</run_address>
         <size>0x120</size>
         <input_file_ref idref="fl-ee"/>
      </object_component>
      <object_component id="oc-44c">
         <name>.text:fputs</name>
         <load_address>0x2000bc4c</load_address>
         <run_address>0x2000bc4c</run_address>
         <size>0x114</size>
         <input_file_ref idref="fl-da"/>
      </object_component>
      <object_component id="oc-25b">
         <name>.text:realloc</name>
         <load_address>0x2000bd60</load_address>
         <run_address>0x2000bd60</run_address>
         <size>0x114</size>
         <input_file_ref idref="fl-d5"/>
      </object_component>
      <object_component id="oc-14d">
         <name>.text:strtoul</name>
         <load_address>0x2000be74</load_address>
         <run_address>0x2000be74</run_address>
         <size>0x110</size>
         <input_file_ref idref="fl-e4"/>
      </object_component>
      <object_component id="oc-9e7">
         <name>.text:_SlDrvNetAppEventHandler</name>
         <load_address>0x2000bf84</load_address>
         <run_address>0x2000bf84</run_address>
         <size>0x104</size>
         <input_file_ref idref="fl-11c"/>
      </object_component>
      <object_component id="oc-4bf">
         <name>.text</name>
         <load_address>0x2000c088</load_address>
         <run_address>0x2000c088</run_address>
         <size>0xfc</size>
         <input_file_ref idref="fl-cd"/>
      </object_component>
      <object_component id="oc-e1">
         <name>.text:sl_Stop</name>
         <load_address>0x2000c184</load_address>
         <run_address>0x2000c184</run_address>
         <size>0xf0</size>
         <input_file_ref idref="fl-11a"/>
      </object_component>
      <object_component id="oc-931">
         <name>.text:spi_Read</name>
         <load_address>0x2000c274</load_address>
         <run_address>0x2000c274</run_address>
         <size>0xf0</size>
         <input_file_ref idref="fl-121"/>
      </object_component>
      <object_component id="oc-ac7">
         <name>.text:uDMAChannelTransferSet</name>
         <load_address>0x2000c364</load_address>
         <run_address>0x2000c364</run_address>
         <size>0xf0</size>
         <input_file_ref idref="fl-127"/>
      </object_component>
      <object_component id="oc-cf">
         <name>.text:sl_Start</name>
         <load_address>0x2000c454</load_address>
         <run_address>0x2000c454</run_address>
         <size>0xec</size>
         <input_file_ref idref="fl-11a"/>
      </object_component>
      <object_component id="oc-814">
         <name>.text:_SlAsyncEventGenericHandler</name>
         <load_address>0x2000c540</load_address>
         <run_address>0x2000c540</run_address>
         <size>0xe8</size>
         <input_file_ref idref="fl-11b"/>
      </object_component>
      <object_component id="oc-600">
         <name>.text:_SlDrvMsgReadSpawnCtx</name>
         <load_address>0x2000c628</load_address>
         <run_address>0x2000c628</run_address>
         <size>0xe8</size>
         <input_file_ref idref="fl-11b"/>
      </object_component>
      <object_component id="oc-346">
         <name>.text:sl_NetAppMDNSRegisterUnregisterService</name>
         <load_address>0x2000c710</load_address>
         <run_address>0x2000c710</run_address>
         <size>0xe4</size>
         <input_file_ref idref="fl-11c"/>
      </object_component>
      <object_component id="oc-92b">
         <name>.text:_SlDrvClassifyRxMsg</name>
         <load_address>0x2000c7f4</load_address>
         <run_address>0x2000c7f4</run_address>
         <size>0xdc</size>
         <input_file_ref idref="fl-11b"/>
      </object_component>
      <object_component id="oc-883">
         <name>.text:setvbuf</name>
         <load_address>0x2000c8d0</load_address>
         <run_address>0x2000c8d0</run_address>
         <size>0xdc</size>
         <input_file_ref idref="fl-f6"/>
      </object_component>
      <object_component id="oc-142">
         <name>.text:free</name>
         <load_address>0x2000c9ac</load_address>
         <run_address>0x2000c9ac</run_address>
         <size>0xd8</size>
         <input_file_ref idref="fl-d5"/>
      </object_component>
      <object_component id="oc-782">
         <name>.text:scalbn</name>
         <load_address>0x2000ca84</load_address>
         <run_address>0x2000ca84</run_address>
         <size>0xd0</size>
         <input_file_ref idref="fl-c7"/>
      </object_component>
      <object_component id="oc-a85">
         <name>.text:_sl_HandleAsync_DnsGetHostByService</name>
         <load_address>0x2000cb54</load_address>
         <run_address>0x2000cb54</run_address>
         <size>0xcc</size>
         <input_file_ref idref="fl-11c"/>
      </object_component>
      <object_component id="oc-e7">
         <name>.text:sl_DevGet</name>
         <load_address>0x2000cc20</load_address>
         <run_address>0x2000cc20</run_address>
         <size>0xcc</size>
         <input_file_ref idref="fl-11a"/>
      </object_component>
      <object_component id="oc-5e0">
         <name>.text:_SlRemoveFromList</name>
         <load_address>0x2000ccec</load_address>
         <run_address>0x2000ccec</run_address>
         <size>0xc4</size>
         <input_file_ref idref="fl-11b"/>
      </object_component>
      <object_component id="oc-2ef">
         <name>.text:_SlDrvCmdOp</name>
         <load_address>0x2000cdb0</load_address>
         <run_address>0x2000cdb0</run_address>
         <size>0xc0</size>
         <input_file_ref idref="fl-11b"/>
      </object_component>
      <object_component id="oc-714">
         <name>.text:_ltostr</name>
         <load_address>0x2000ce70</load_address>
         <run_address>0x2000ce70</run_address>
         <size>0xb1</size>
         <input_file_ref idref="fl-ee"/>
      </object_component>
      <object_component id="oc-54a">
         <name>.text:_SlNonOsSemGet</name>
         <load_address>0x2000cf24</load_address>
         <run_address>0x2000cf24</run_address>
         <size>0xb0</size>
         <input_file_ref idref="fl-11e"/>
      </object_component>
      <object_component id="oc-5bf">
         <name>.text:IntDisable</name>
         <load_address>0x2000cfd4</load_address>
         <run_address>0x2000cfd4</run_address>
         <size>0xa8</size>
         <input_file_ref idref="fl-113"/>
      </object_component>
      <object_component id="oc-173">
         <name>.text:IntEnable</name>
         <load_address>0x2000d07c</load_address>
         <run_address>0x2000d07c</run_address>
         <size>0xa8</size>
         <input_file_ref idref="fl-113"/>
      </object_component>
      <object_component id="oc-5d9">
         <name>.text:_SlDriverHandleError</name>
         <load_address>0x2000d124</load_address>
         <run_address>0x2000d124</run_address>
         <size>0xa4</size>
         <input_file_ref idref="fl-11b"/>
      </object_component>
      <object_component id="oc-567">
         <name>.text:SPIConfigSetExpClk</name>
         <load_address>0x2000d1c8</load_address>
         <run_address>0x2000d1c8</run_address>
         <size>0xa0</size>
         <input_file_ref idref="fl-125"/>
      </object_component>
      <object_component id="oc-65c">
         <name>.text:sl_Recv</name>
         <load_address>0x2000d268</load_address>
         <run_address>0x2000d268</run_address>
         <size>0xa0</size>
         <input_file_ref idref="fl-11f"/>
      </object_component>
      <object_component id="oc-3a">
         <name>.text</name>
         <load_address>0x2000d308</load_address>
         <run_address>0x2000d308</run_address>
         <size>0x9c</size>
         <input_file_ref idref="fl-d1"/>
      </object_component>
      <object_component id="oc-a77">
         <name>.text:_SlDrvDeviceEventHandler</name>
         <load_address>0x2000d3a4</load_address>
         <run_address>0x2000d3a4</run_address>
         <size>0x9a</size>
         <input_file_ref idref="fl-11a"/>
      </object_component>
      <object_component id="oc-ff">
         <name>.text:sl_NetCfgSet</name>
         <load_address>0x2000d440</load_address>
         <run_address>0x2000d440</run_address>
         <size>0x98</size>
         <input_file_ref idref="fl-11d"/>
      </object_component>
      <object_component id="oc-371">
         <name>.text:sl_SetSockOpt</name>
         <load_address>0x2000d4d8</load_address>
         <run_address>0x2000d4d8</run_address>
         <size>0x98</size>
         <input_file_ref idref="fl-11f"/>
      </object_component>
      <object_component id="oc-105">
         <name>.text:sl_WlanSet</name>
         <load_address>0x2000d570</load_address>
         <run_address>0x2000d570</run_address>
         <size>0x98</size>
         <input_file_ref idref="fl-120"/>
      </object_component>
      <object_component id="oc-81d">
         <name>.text:spi_Write</name>
         <load_address>0x2000d608</load_address>
         <run_address>0x2000d608</run_address>
         <size>0x98</size>
         <input_file_ref idref="fl-121"/>
      </object_component>
      <object_component id="oc-89d">
         <name>.text</name>
         <load_address>0x2000d6a0</load_address>
         <run_address>0x2000d6a0</run_address>
         <size>0x96</size>
         <input_file_ref idref="fl-105"/>
      </object_component>
      <object_component id="oc-231">
         <name>.text:PRCMPeripheralClockGet</name>
         <load_address>0x2000d738</load_address>
         <run_address>0x2000d738</run_address>
         <size>0x94</size>
         <input_file_ref idref="fl-115"/>
      </object_component>
      <object_component id="oc-a7f">
         <name>.text:_sl_HandleAsync_DnsGetHostByName</name>
         <load_address>0x2000d7cc</load_address>
         <run_address>0x2000d7cc</run_address>
         <size>0x90</size>
         <input_file_ref idref="fl-11c"/>
      </object_component>
      <object_component id="oc-9ed">
         <name>.text:_sl_HandleAsync_PingResponse</name>
         <load_address>0x2000d85c</load_address>
         <run_address>0x2000d85c</run_address>
         <size>0x90</size>
         <input_file_ref idref="fl-11c"/>
      </object_component>
      <object_component id="oc-ed">
         <name>.text:sl_WlanPolicySet</name>
         <load_address>0x2000d8ec</load_address>
         <run_address>0x2000d8ec</run_address>
         <size>0x90</size>
         <input_file_ref idref="fl-120"/>
      </object_component>
      <object_component id="oc-9f4">
         <name>.text:SetupDMAReceive</name>
         <load_address>0x2000d97c</load_address>
         <run_address>0x2000d97c</run_address>
         <size>0x8c</size>
         <input_file_ref idref="fl-121"/>
      </object_component>
      <object_component id="oc-942">
         <name>.text:SetupDMASend</name>
         <load_address>0x2000da08</load_address>
         <run_address>0x2000da08</run_address>
         <size>0x8c</size>
         <input_file_ref idref="fl-121"/>
      </object_component>
      <object_component id="oc-7bf">
         <name>.text:_SlDrvIsTimeoutExpired</name>
         <load_address>0x2000da94</load_address>
         <run_address>0x2000da94</run_address>
         <size>0x8c</size>
         <input_file_ref idref="fl-11b"/>
      </object_component>
      <object_component id="oc-b05">
         <name>.text:_sl_HandleAsync_InitComplete</name>
         <load_address>0x2000db20</load_address>
         <run_address>0x2000db20</run_address>
         <size>0x8c</size>
         <input_file_ref idref="fl-11a"/>
      </object_component>
      <object_component id="oc-386">
         <name>.text:sl_Socket</name>
         <load_address>0x2000dbac</load_address>
         <run_address>0x2000dbac</run_address>
         <size>0x8c</size>
         <input_file_ref idref="fl-11f"/>
      </object_component>
      <object_component id="oc-759">
         <name>.text:PinConfigSet</name>
         <load_address>0x2000dc38</load_address>
         <run_address>0x2000dc38</run_address>
         <size>0x88</size>
         <input_file_ref idref="fl-114"/>
      </object_component>
      <object_component id="oc-71a">
         <name>.text:__aeabi_cdcmple</name>
         <load_address>0x2000dcc0</load_address>
         <run_address>0x2000dcc0</run_address>
         <size>0x86</size>
         <input_file_ref idref="fl-cb"/>
      </object_component>
      <object_component id="oc-77d">
         <name>.text:__aeabi_cdrcmple</name>
         <load_address>0x2000dd46</load_address>
         <run_address>0x2000dd46</run_address>
         <size>0x86</size>
         <input_file_ref idref="fl-cb"/>
      </object_component>
      <object_component id="oc-4b2">
         <name>.text:I2CMasterInitExpClk</name>
         <load_address>0x2000ddcc</load_address>
         <run_address>0x2000ddcc</run_address>
         <size>0x84</size>
         <input_file_ref idref="fl-112"/>
      </object_component>
      <object_component id="oc-114">
         <name>.text:sl_WlanRxFilterSet</name>
         <load_address>0x2000de50</load_address>
         <run_address>0x2000de50</run_address>
         <size>0x84</size>
         <input_file_ref idref="fl-120"/>
      </object_component>
      <object_component id="oc-aa7">
         <name>.text:_sl_HandleAsync_Connect</name>
         <load_address>0x2000ded4</load_address>
         <run_address>0x2000ded4</run_address>
         <size>0x80</size>
         <input_file_ref idref="fl-11f"/>
      </object_component>
      <object_component id="oc-9fa">
         <name>.text:spi_Read_CPU</name>
         <load_address>0x2000df54</load_address>
         <run_address>0x2000df54</run_address>
         <size>0x80</size>
         <input_file_ref idref="fl-121"/>
      </object_component>
      <object_component id="oc-954">
         <name>.text:spi_Write_CPU</name>
         <load_address>0x2000dfd4</load_address>
         <run_address>0x2000dfd4</run_address>
         <size>0x80</size>
         <input_file_ref idref="fl-121"/>
      </object_component>
      <object_component id="oc-452">
         <name>.text:fflush</name>
         <load_address>0x2000e054</load_address>
         <run_address>0x2000e054</run_address>
         <size>0x7c</size>
         <input_file_ref idref="fl-d9"/>
      </object_component>
      <object_component id="oc-88">
         <name>.text</name>
         <load_address>0x2000e0d0</load_address>
         <run_address>0x2000e0d0</run_address>
         <size>0x7a</size>
         <input_file_ref idref="fl-c9"/>
      </object_component>
      <object_component id="oc-13c">
         <name>.text:malloc</name>
         <load_address>0x2000e14c</load_address>
         <run_address>0x2000e14c</run_address>
         <size>0x78</size>
         <input_file_ref idref="fl-d5"/>
      </object_component>
      <object_component id="oc-305">
         <name>.text:spi_Close</name>
         <load_address>0x2000e1c4</load_address>
         <run_address>0x2000e1c4</run_address>
         <size>0x78</size>
         <input_file_ref idref="fl-121"/>
      </object_component>
      <object_component id="oc-237">
         <name>.text:UARTConfigSetExpClk</name>
         <load_address>0x2000e23c</load_address>
         <run_address>0x2000e23c</run_address>
         <size>0x76</size>
         <input_file_ref idref="fl-116"/>
      </object_component>
      <object_component id="oc-d5">
         <name>.text:_SlNonOsMainLoopTask</name>
         <load_address>0x2000e2b4</load_address>
         <run_address>0x2000e2b4</run_address>
         <size>0x74</size>
         <input_file_ref idref="fl-11e"/>
      </object_component>
      <object_component id="oc-a1b">
         <name>.text:__TI_closefile</name>
         <load_address>0x2000e328</load_address>
         <run_address>0x2000e328</run_address>
         <size>0x74</size>
         <input_file_ref idref="fl-10a"/>
      </object_component>
      <object_component id="oc-8b5">
         <name>.text:_mcpy</name>
         <load_address>0x2000e39c</load_address>
         <run_address>0x2000e39c</run_address>
         <size>0x6e</size>
         <input_file_ref idref="fl-ee"/>
      </object_component>
      <object_component id="oc-4d4">
         <name>.text</name>
         <load_address>0x2000e40a</load_address>
         <run_address>0x2000e40a</run_address>
         <size>0x6e</size>
         <input_file_ref idref="fl-ce"/>
      </object_component>
      <object_component id="oc-b0f">
         <name>.text:_SlDrvCmdSend</name>
         <load_address>0x2000e478</load_address>
         <run_address>0x2000e478</run_address>
         <size>0x6c</size>
         <input_file_ref idref="fl-11b"/>
      </object_component>
      <object_component id="oc-a91">
         <name>.text:_sl_NetAppSendTokenValue</name>
         <load_address>0x2000e4e4</load_address>
         <run_address>0x2000e4e4</run_address>
         <size>0x6c</size>
         <input_file_ref idref="fl-11c"/>
      </object_component>
      <object_component id="oc-a3c">
         <name>.text:HOSTlseek</name>
         <load_address>0x2000e550</load_address>
         <run_address>0x2000e550</run_address>
         <size>0x68</size>
         <input_file_ref idref="fl-fc"/>
      </object_component>
      <object_component id="oc-a48">
         <name>.text:HOSTrename</name>
         <load_address>0x2000e5b8</load_address>
         <run_address>0x2000e5b8</run_address>
         <size>0x68</size>
         <input_file_ref idref="fl-ff"/>
      </object_component>
      <object_component id="oc-12">
         <name>.text:decompress:lzss:__TI_decompress_lzss</name>
         <load_address>0x2000e620</load_address>
         <run_address>0x2000e620</run_address>
         <size>0x68</size>
         <input_file_ref idref="fl-d4"/>
      </object_component>
      <object_component id="oc-5fa">
         <name>.text:_SlNonOsSpawn</name>
         <load_address>0x2000e688</load_address>
         <run_address>0x2000e688</run_address>
         <size>0x64</size>
         <input_file_ref idref="fl-11e"/>
      </object_component>
      <object_component id="oc-aa1">
         <name>.text:_sl_HandleAsync_Accept</name>
         <load_address>0x2000e6ec</load_address>
         <run_address>0x2000e6ec</run_address>
         <size>0x64</size>
         <input_file_ref idref="fl-11f"/>
      </object_component>
      <object_component id="oc-87d">
         <name>.text:fseek</name>
         <load_address>0x2000e750</load_address>
         <run_address>0x2000e750</run_address>
         <size>0x64</size>
         <input_file_ref idref="fl-f2"/>
      </object_component>
      <object_component id="oc-10b">
         <name>.text:sl_NetAppMDNSUnRegisterService</name>
         <load_address>0x2000e7b4</load_address>
         <run_address>0x2000e7b4</run_address>
         <size>0x64</size>
         <input_file_ref idref="fl-11c"/>
      </object_component>
      <object_component id="oc-7d6">
         <name>.text:uDMAChannelAttributeDisable</name>
         <load_address>0x2000e818</load_address>
         <run_address>0x2000e818</run_address>
         <size>0x64</size>
         <input_file_ref idref="fl-127"/>
      </object_component>
      <object_component id="oc-ac1">
         <name>.text:uDMAChannelAttributeEnable</name>
         <load_address>0x2000e87c</load_address>
         <run_address>0x2000e87c</run_address>
         <size>0x64</size>
         <input_file_ref idref="fl-127"/>
      </object_component>
      <object_component id="oc-6e2">
         <name>.text:__TI_wrt_ok</name>
         <load_address>0x2000e8e0</load_address>
         <run_address>0x2000e8e0</run_address>
         <size>0x62</size>
         <input_file_ref idref="fl-ed"/>
      </object_component>
      <object_component id="oc-a24">
         <name>.text:HOSTopen</name>
         <load_address>0x2000e944</load_address>
         <run_address>0x2000e944</run_address>
         <size>0x60</size>
         <input_file_ref idref="fl-fd"/>
      </object_component>
      <object_component id="oc-392">
         <name>.text:sl_Close</name>
         <load_address>0x2000e9a4</load_address>
         <run_address>0x2000e9a4</run_address>
         <size>0x60</size>
         <input_file_ref idref="fl-11f"/>
      </object_component>
      <object_component id="oc-f3">
         <name>.text:sl_WlanProfileDel</name>
         <load_address>0x2000ea04</load_address>
         <run_address>0x2000ea04</run_address>
         <size>0x60</size>
         <input_file_ref idref="fl-120"/>
      </object_component>
      <object_component id="oc-db">
         <name>.text:sl_WlanSetMode</name>
         <load_address>0x2000ea64</load_address>
         <run_address>0x2000ea64</run_address>
         <size>0x60</size>
         <input_file_ref idref="fl-120"/>
      </object_component>
      <object_component id="oc-ad6">
         <name>.text:close</name>
         <load_address>0x2000eac4</load_address>
         <run_address>0x2000eac4</run_address>
         <size>0x5c</size>
         <input_file_ref idref="fl-110"/>
      </object_component>
      <object_component id="oc-8ca">
         <name>.text:frexp</name>
         <load_address>0x2000eb20</load_address>
         <run_address>0x2000eb20</run_address>
         <size>0x5c</size>
         <input_file_ref idref="fl-103"/>
      </object_component>
      <object_component id="oc-a30">
         <name>.text:HOSTread</name>
         <load_address>0x2000eb7c</load_address>
         <run_address>0x2000eb7c</run_address>
         <size>0x58</size>
         <input_file_ref idref="fl-fe"/>
      </object_component>
      <object_component id="oc-a36">
         <name>.text:HOSTwrite</name>
         <load_address>0x2000ebd4</load_address>
         <run_address>0x2000ebd4</run_address>
         <size>0x58</size>
         <input_file_ref idref="fl-101"/>
      </object_component>
      <object_component id="oc-5cb">
         <name>.text:IntPendClear</name>
         <load_address>0x2000ec2c</load_address>
         <run_address>0x2000ec2c</run_address>
         <size>0x58</size>
         <input_file_ref idref="fl-113"/>
      </object_component>
      <object_component id="oc-42c">
         <name>.text:PRCMPeripheralReset</name>
         <load_address>0x2000ec84</load_address>
         <run_address>0x2000ec84</run_address>
         <size>0x58</size>
         <input_file_ref idref="fl-115"/>
      </object_component>
      <object_component id="oc-725">
         <name>.text:_pconv_f</name>
         <load_address>0x2000ecdc</load_address>
         <run_address>0x2000ecdc</run_address>
         <size>0x56</size>
         <input_file_ref idref="fl-ee"/>
      </object_component>
      <object_component id="oc-591">
         <name>.text:IntPrioritySet</name>
         <load_address>0x2000ed34</load_address>
         <run_address>0x2000ed34</run_address>
         <size>0x54</size>
         <input_file_ref idref="fl-113"/>
      </object_component>
      <object_component id="oc-2d8">
         <name>.text:_SlDrvRxIrqHandler</name>
         <load_address>0x2000ed88</load_address>
         <run_address>0x2000ed88</run_address>
         <size>0x54</size>
         <input_file_ref idref="fl-11b"/>
      </object_component>
      <object_component id="oc-aad">
         <name>.text:_sl_HandleAsync_Select</name>
         <load_address>0x2000eddc</load_address>
         <run_address>0x2000eddc</run_address>
         <size>0x54</size>
         <input_file_ref idref="fl-11f"/>
      </object_component>
      <object_component id="oc-8a9">
         <name>.text:ltoa</name>
         <load_address>0x2000ee30</load_address>
         <run_address>0x2000ee30</run_address>
         <size>0x54</size>
         <input_file_ref idref="fl-f4"/>
      </object_component>
      <object_component id="oc-8af">
         <name>.text:_ecpy</name>
         <load_address>0x2000ee84</load_address>
         <run_address>0x2000ee84</run_address>
         <size>0x52</size>
         <input_file_ref idref="fl-ee"/>
      </object_component>
      <object_component id="oc-ab3">
         <name>.text:_sl_HandleAsync_Stop</name>
         <load_address>0x2000eed8</load_address>
         <run_address>0x2000eed8</run_address>
         <size>0x50</size>
         <input_file_ref idref="fl-11a"/>
      </object_component>
      <object_component id="oc-597">
         <name>.text:SPIIntEnable</name>
         <load_address>0x2000ef28</load_address>
         <run_address>0x2000ef28</run_address>
         <size>0x4c</size>
         <input_file_ref idref="fl-125"/>
      </object_component>
      <object_component id="oc-828">
         <name>.text:SPIIntNumberGet</name>
         <load_address>0x2000ef74</load_address>
         <run_address>0x2000ef74</run_address>
         <size>0x4c</size>
         <input_file_ref idref="fl-125"/>
      </object_component>
      <object_component id="oc-2a8">
         <name>.text:_SlDrvProtectAsyncRespSetting</name>
         <load_address>0x2000efc0</load_address>
         <run_address>0x2000efc0</run_address>
         <size>0x4c</size>
         <input_file_ref idref="fl-11b"/>
      </object_component>
      <object_component id="oc-6ee">
         <name>.text:__TI_doflush</name>
         <load_address>0x2000f00c</load_address>
         <run_address>0x2000f00c</run_address>
         <size>0x4c</size>
         <input_file_ref idref="fl-d9"/>
      </object_component>
      <object_component id="oc-681">
         <name>.text:_sl_BuildAddress</name>
         <load_address>0x2000f058</load_address>
         <run_address>0x2000f058</run_address>
         <size>0x4c</size>
         <input_file_ref idref="fl-11f"/>
      </object_component>
      <object_component id="oc-70e">
         <name>.text:atoi</name>
         <load_address>0x2000f0a4</load_address>
         <run_address>0x2000f0a4</run_address>
         <size>0x4c</size>
         <input_file_ref idref="fl-f0"/>
      </object_component>
      <object_component id="oc-1bf">
         <name>.text:snprintf</name>
         <load_address>0x2000f0f0</load_address>
         <run_address>0x2000f0f0</run_address>
         <size>0x4c</size>
         <input_file_ref idref="fl-dd"/>
      </object_component>
      <object_component id="oc-7d0">
         <name>.text:uDMAChannelAssign</name>
         <load_address>0x2000f13c</load_address>
         <run_address>0x2000f13c</run_address>
         <size>0x4c</size>
         <input_file_ref idref="fl-127"/>
      </object_component>
      <object_component id="oc-7f6">
         <name>.text:SPIIntClear</name>
         <load_address>0x2000f188</load_address>
         <run_address>0x2000f188</run_address>
         <size>0x48</size>
         <input_file_ref idref="fl-125"/>
      </object_component>
      <object_component id="oc-331">
         <name>.text:_SlDrvBasicCmd</name>
         <load_address>0x2000f1d0</load_address>
         <run_address>0x2000f1d0</run_address>
         <size>0x48</size>
         <input_file_ref idref="fl-11b"/>
      </object_component>
      <object_component id="oc-1f9">
         <name>.text:exit</name>
         <load_address>0x2000f218</load_address>
         <run_address>0x2000f218</run_address>
         <size>0x48</size>
         <input_file_ref idref="fl-ec"/>
      </object_component>
      <object_component id="oc-8a4">
         <name>.text</name>
         <load_address>0x2000f260</load_address>
         <run_address>0x2000f260</run_address>
         <size>0x48</size>
         <input_file_ref idref="fl-106"/>
      </object_component>
      <object_component id="oc-a2a">
         <name>.text:HOSTclose</name>
         <load_address>0x2000f2a8</load_address>
         <run_address>0x2000f2a8</run_address>
         <size>0x44</size>
         <input_file_ref idref="fl-fb"/>
      </object_component>
      <object_component id="oc-a42">
         <name>.text:HOSTunlink</name>
         <load_address>0x2000f2ec</load_address>
         <run_address>0x2000f2ec</run_address>
         <size>0x44</size>
         <input_file_ref idref="fl-100"/>
      </object_component>
      <object_component id="oc-7e5">
         <name>.text:SPIDmaMaskGet</name>
         <load_address>0x2000f330</load_address>
         <run_address>0x2000f330</run_address>
         <size>0x44</size>
         <input_file_ref idref="fl-125"/>
      </object_component>
      <object_component id="oc-a57">
         <name>.text:TimerConfigure</name>
         <load_address>0x2000f374</load_address>
         <run_address>0x2000f374</run_address>
         <size>0x44</size>
         <input_file_ref idref="fl-126"/>
      </object_component>
      <object_component id="oc-2c0">
         <name>.text:_SlDrvSyncObjWaitTimeout</name>
         <load_address>0x2000f3b8</load_address>
         <run_address>0x2000f3b8</run_address>
         <size>0x44</size>
         <input_file_ref idref="fl-11b"/>
      </object_component>
      <object_component id="oc-1ff">
         <name>.text:__TI_auto_init_nobinit_nopinit:__TI_auto_init_nobinit_nopinit</name>
         <load_address>0x2000f3fc</load_address>
         <run_address>0x2000f3fc</run_address>
         <size>0x44</size>
         <input_file_ref idref="fl-e9"/>
      </object_component>
      <object_component id="oc-a07">
         <name>.text:cc_SetupTransfer</name>
         <load_address>0x2000f440</load_address>
         <run_address>0x2000f440</run_address>
         <size>0x44</size>
         <input_file_ref idref="fl-121"/>
      </object_component>
      <object_component id="oc-b25">
         <name>.text:getdevice</name>
         <load_address>0x2000f484</load_address>
         <run_address>0x2000f484</run_address>
         <size>0x44</size>
         <input_file_ref idref="fl-10b"/>
      </object_component>
      <object_component id="oc-160">
         <name>.text:sl_Htonl</name>
         <load_address>0x2000f4c8</load_address>
         <run_address>0x2000f4c8</run_address>
         <size>0x42</size>
         <input_file_ref idref="fl-11f"/>
      </object_component>
      <object_component id="oc-753">
         <name>.text:PinModeSet</name>
         <load_address>0x2000f50c</load_address>
         <run_address>0x2000f50c</run_address>
         <size>0x40</size>
         <input_file_ref idref="fl-114"/>
      </object_component>
      <object_component id="oc-83d">
         <name>.text:_sl_TruncatePayloadByProtocol</name>
         <load_address>0x2000f54c</load_address>
         <run_address>0x2000f54c</run_address>
         <size>0x40</size>
         <input_file_ref idref="fl-11f"/>
      </object_component>
      <object_component id="oc-199">
         <name>.text:sprintf</name>
         <load_address>0x2000f58c</load_address>
         <run_address>0x2000f58c</run_address>
         <size>0x40</size>
         <input_file_ref idref="fl-de"/>
      </object_component>
      <object_component id="oc-187">
         <name>.text:strtok</name>
         <load_address>0x2000f5cc</load_address>
         <run_address>0x2000f5cc</run_address>
         <size>0x40</size>
         <input_file_ref idref="fl-e3"/>
      </object_component>
      <object_component id="oc-243">
         <name>.text:vsnprintf</name>
         <load_address>0x2000f60c</load_address>
         <run_address>0x2000f60c</run_address>
         <size>0x40</size>
         <input_file_ref idref="fl-e5"/>
      </object_component>
      <object_component id="oc-2b4">
         <name>.text:NwpRegisterInterruptHandler</name>
         <load_address>0x2000f64c</load_address>
         <run_address>0x2000f64c</run_address>
         <size>0x3e</size>
         <input_file_ref idref="fl-121"/>
      </object_component>
      <object_component id="oc-8c2">
         <name>.text:_fcpy</name>
         <load_address>0x2000f68a</load_address>
         <run_address>0x2000f68a</run_address>
         <size>0x3e</size>
         <input_file_ref idref="fl-ee"/>
      </object_component>
      <object_component id="oc-a98">
         <name>.text:CopyPingResultsToReport</name>
         <load_address>0x2000f6c8</load_address>
         <run_address>0x2000f6c8</run_address>
         <size>0x3c</size>
         <input_file_ref idref="fl-11c"/>
      </object_component>
      <object_component id="oc-426">
         <name>.text:PRCMPeripheralClkEnable</name>
         <load_address>0x2000f704</load_address>
         <run_address>0x2000f704</run_address>
         <size>0x3c</size>
         <input_file_ref idref="fl-115"/>
      </object_component>
      <object_component id="oc-3c9">
         <name>.text:minsert</name>
         <load_address>0x2000f740</load_address>
         <run_address>0x2000f740</run_address>
         <size>0x3c</size>
         <input_file_ref idref="fl-d5"/>
      </object_component>
      <object_component id="oc-9cd">
         <name>.text:simplelink_timerA2_start</name>
         <load_address>0x2000f77c</load_address>
         <run_address>0x2000f77c</run_address>
         <size>0x3c</size>
         <input_file_ref idref="fl-121"/>
      </object_component>
      <object_component id="oc-15a">
         <name>.text:sl_Htons</name>
         <load_address>0x2000f7b8</load_address>
         <run_address>0x2000f7b8</run_address>
         <size>0x3c</size>
         <input_file_ref idref="fl-11f"/>
      </object_component>
      <object_component id="oc-abb">
         <name>.text:uDMAChannelControlSet</name>
         <load_address>0x2000f7f4</load_address>
         <run_address>0x2000f7f4</run_address>
         <size>0x3c</size>
         <input_file_ref idref="fl-127"/>
      </object_component>
      <object_component id="oc-2ae">
         <name>.text:NwpPowerOff</name>
         <load_address>0x2000f830</load_address>
         <run_address>0x2000f830</run_address>
         <size>0x38</size>
         <input_file_ref idref="fl-121"/>
      </object_component>
      <object_component id="oc-ae5">
         <name>.text:__TI_writemsg</name>
         <load_address>0x2000f868</load_address>
         <run_address>0x2000f868</run_address>
         <size>0x38</size>
         <input_file_ref idref="fl-102"/>
      </object_component>
      <object_component id="oc-3bd">
         <name>.text:minit</name>
         <load_address>0x2000f8a0</load_address>
         <run_address>0x2000f8a0</run_address>
         <size>0x38</size>
         <input_file_ref idref="fl-d5"/>
      </object_component>
      <object_component id="oc-1ba">
         <name>.text</name>
         <load_address>0x2000f8d8</load_address>
         <run_address>0x2000f8d8</run_address>
         <size>0x38</size>
         <input_file_ref idref="fl-cf"/>
      </object_component>
      <object_component id="oc-f9">
         <name>.text:sl_WlanDisconnect</name>
         <load_address>0x2000f910</load_address>
         <run_address>0x2000f910</run_address>
         <size>0x38</size>
         <input_file_ref idref="fl-120"/>
      </object_component>
      <object_component id="oc-b50">
         <name>.text:strncpy</name>
         <load_address>0x2000f948</load_address>
         <run_address>0x2000f948</run_address>
         <size>0x36</size>
         <input_file_ref idref="fl-10e"/>
      </object_component>
      <object_component id="oc-56d">
         <name>.text:PRCMPeripheralStatusGet</name>
         <load_address>0x2000f980</load_address>
         <run_address>0x2000f980</run_address>
         <size>0x34</size>
         <input_file_ref idref="fl-115"/>
      </object_component>
      <object_component id="oc-585">
         <name>.text:SPIFIFOLevelSet</name>
         <load_address>0x2000f9b4</load_address>
         <run_address>0x2000f9b4</run_address>
         <size>0x34</size>
         <input_file_ref idref="fl-125"/>
      </object_component>
      <object_component id="oc-97f">
         <name>.text:__TI_cleanup</name>
         <load_address>0x2000f9e8</load_address>
         <run_address>0x2000f9e8</run_address>
         <size>0x34</size>
         <input_file_ref idref="fl-107"/>
      </object_component>
      <object_component id="oc-aeb">
         <name>.text:__TI_readmsg</name>
         <load_address>0x2000fa1c</load_address>
         <run_address>0x2000fa1c</run_address>
         <size>0x34</size>
         <input_file_ref idref="fl-102"/>
      </object_component>
      <object_component id="oc-1a2">
         <name>.text</name>
         <load_address>0x2000fa50</load_address>
         <run_address>0x2000fa50</run_address>
         <size>0x34</size>
         <input_file_ref idref="fl-4"/>
      </object_component>
      <object_component id="oc-515">
         <name>.text:UARTDisable</name>
         <load_address>0x2000fa84</load_address>
         <run_address>0x2000fa84</run_address>
         <size>0x30</size>
         <input_file_ref idref="fl-116"/>
      </object_component>
      <object_component id="oc-4dd">
         <name>.text:_outs</name>
         <load_address>0x2000fab4</load_address>
         <run_address>0x2000fab4</run_address>
         <size>0x30</size>
         <input_file_ref idref="fl-dd"/>
      </object_component>
      <object_component id="oc-523">
         <name>.text:_outs</name>
         <load_address>0x2000fae4</load_address>
         <run_address>0x2000fae4</run_address>
         <size>0x30</size>
         <input_file_ref idref="fl-e5"/>
      </object_component>
      <object_component id="oc-b56">
         <name>.text:finddevice</name>
         <load_address>0x2000fb14</load_address>
         <run_address>0x2000fb14</run_address>
         <size>0x30</size>
         <input_file_ref idref="fl-10b"/>
      </object_component>
      <object_component id="oc-4cf">
         <name>.text</name>
         <load_address>0x2000fb44</load_address>
         <run_address>0x2000fb44</run_address>
         <size>0x2e</size>
         <input_file_ref idref="fl-d0"/>
      </object_component>
      <object_component id="oc-49a">
         <name>.text:I2CMasterErr</name>
         <load_address>0x2000fb72</load_address>
         <run_address>0x2000fb72</run_address>
         <size>0x2c</size>
         <input_file_ref idref="fl-112"/>
      </object_component>
      <object_component id="oc-2ba">
         <name>.text:NwpPowerOn</name>
         <load_address>0x2000fba0</load_address>
         <run_address>0x2000fba0</run_address>
         <size>0x2c</size>
         <input_file_ref idref="fl-121"/>
      </object_component>
      <object_component id="oc-414">
         <name>.text:PRCMSysResetCauseGet</name>
         <load_address>0x2000fbcc</load_address>
         <run_address>0x2000fbcc</run_address>
         <size>0x2c</size>
         <input_file_ref idref="fl-115"/>
      </object_component>
      <object_component id="oc-60d">
         <name>.text:_SlDrvObjGlobalLockWaitForever</name>
         <load_address>0x2000fbf8</load_address>
         <run_address>0x2000fbf8</run_address>
         <size>0x2c</size>
         <input_file_ref idref="fl-11b"/>
      </object_component>
      <object_component id="oc-3ea">
         <name>.text:_SlDrvProtectionObjLockWaitForever</name>
         <load_address>0x2000fc24</load_address>
         <run_address>0x2000fc24</run_address>
         <size>0x2c</size>
         <input_file_ref idref="fl-11b"/>
      </object_component>
      <object_component id="oc-130">
         <name>.text:strncmp</name>
         <load_address>0x2000fc50</load_address>
         <run_address>0x2000fc50</run_address>
         <size>0x2c</size>
         <input_file_ref idref="fl-e2"/>
      </object_component>
      <object_component id="oc-adc">
         <name>.text:unlink</name>
         <load_address>0x2000fc7c</load_address>
         <run_address>0x2000fc7c</run_address>
         <size>0x2c</size>
         <input_file_ref idref="fl-10f"/>
      </object_component>
      <object_component id="oc-a63">
         <name>.text:TimerLoadSet</name>
         <load_address>0x2000fca8</load_address>
         <run_address>0x2000fca8</run_address>
         <size>0x2a</size>
         <input_file_ref idref="fl-126"/>
      </object_component>
      <object_component id="oc-a5d">
         <name>.text:TimerPrescaleSet</name>
         <load_address>0x2000fcd2</load_address>
         <run_address>0x2000fcd2</run_address>
         <size>0x2a</size>
         <input_file_ref idref="fl-126"/>
      </object_component>
      <object_component id="oc-43b">
         <name>.text:strspn</name>
         <load_address>0x2000fcfc</load_address>
         <run_address>0x2000fcfc</run_address>
         <size>0x2a</size>
         <input_file_ref idref="fl-fa"/>
      </object_component>
      <object_component id="oc-432">
         <name>.text:PRCMPeripheralClkDisable</name>
         <load_address>0x2000fd28</load_address>
         <run_address>0x2000fd28</run_address>
         <size>0x28</size>
         <input_file_ref idref="fl-115"/>
      </object_component>
      <object_component id="oc-613">
         <name>.text:_SlDrvGlobalObjUnLock</name>
         <load_address>0x2000fd50</load_address>
         <run_address>0x2000fd50</run_address>
         <size>0x28</size>
         <input_file_ref idref="fl-11b"/>
      </object_component>
      <object_component id="oc-3f0">
         <name>.text:_SlDrvProtectionObjUnLock</name>
         <load_address>0x2000fd78</load_address>
         <run_address>0x2000fd78</run_address>
         <size>0x28</size>
         <input_file_ref idref="fl-11b"/>
      </object_component>
      <object_component id="oc-3f6">
         <name>.text:_SlDrvSyncObjWaitForever</name>
         <load_address>0x2000fda0</load_address>
         <run_address>0x2000fda0</run_address>
         <size>0x28</size>
         <input_file_ref idref="fl-11b"/>
      </object_component>
      <object_component id="oc-58">
         <name>.text:_c_int00_noargs:_c_int00_noargs</name>
         <load_address>0x2000fdc8</load_address>
         <run_address>0x2000fdc8</run_address>
         <size>0x28</size>
         <input_file_ref idref="fl-e8"/>
      </object_component>
      <object_component id="oc-977">
         <name>.text:lseek</name>
         <load_address>0x2000fdf0</load_address>
         <run_address>0x2000fdf0</run_address>
         <size>0x28</size>
         <input_file_ref idref="fl-f3"/>
      </object_component>
      <object_component id="oc-3c3">
         <name>.text:mremove</name>
         <load_address>0x2000fe18</load_address>
         <run_address>0x2000fe18</run_address>
         <size>0x28</size>
         <input_file_ref idref="fl-d5"/>
      </object_component>
      <object_component id="oc-6f4">
         <name>.text:write</name>
         <load_address>0x2000fe40</load_address>
         <run_address>0x2000fe40</run_address>
         <size>0x28</size>
         <input_file_ref idref="fl-e6"/>
      </object_component>
      <object_component id="oc-961">
         <name>.text:_SlDrvObjLockWaitForever</name>
         <load_address>0x2000fe68</load_address>
         <run_address>0x2000fe68</run_address>
         <size>0x26</size>
         <input_file_ref idref="fl-11b"/>
      </object_component>
      <object_component id="oc-5a9">
         <name>.text:DmaSpiSwIntHandler</name>
         <load_address>0x2000fe90</load_address>
         <run_address>0x2000fe90</run_address>
         <size>0x24</size>
         <input_file_ref idref="fl-121"/>
      </object_component>
      <object_component id="oc-5c5">
         <name>.text:IntUnregister</name>
         <load_address>0x2000feb4</load_address>
         <run_address>0x2000feb4</run_address>
         <size>0x24</size>
         <input_file_ref idref="fl-113"/>
      </object_component>
      <object_component id="oc-51b">
         <name>.text:UARTEnable</name>
         <load_address>0x2000fed8</load_address>
         <run_address>0x2000fed8</run_address>
         <size>0x24</size>
         <input_file_ref idref="fl-116"/>
      </object_component>
      <object_component id="oc-255">
         <name>.text:memmove</name>
         <load_address>0x2000fefc</load_address>
         <run_address>0x2000fefc</run_address>
         <size>0x24</size>
         <input_file_ref idref="fl-dc"/>
      </object_component>
      <object_component id="oc-441">
         <name>.text:strcspn</name>
         <load_address>0x2000ff20</load_address>
         <run_address>0x2000ff20</run_address>
         <size>0x24</size>
         <input_file_ref idref="fl-f9"/>
      </object_component>
      <object_component id="oc-4a0">
         <name>.text:I2CMasterSlaveAddrSet</name>
         <load_address>0x2000ff44</load_address>
         <run_address>0x2000ff44</run_address>
         <size>0x22</size>
         <input_file_ref idref="fl-112"/>
      </object_component>
      <object_component id="oc-561">
         <name>.text:SPIReset</name>
         <load_address>0x2000ff66</load_address>
         <run_address>0x2000ff66</run_address>
         <size>0x22</size>
         <input_file_ref idref="fl-125"/>
      </object_component>
      <object_component id="oc-94e">
[...]
         <name>_SlDrvSyncObjSignal</name>
         <value>0x2001004d</value>
         <object_component_ref idref="oc-5e6"/>
      </symbol>
      <symbol id="sm-112d">
         <name>_SlDrvDataReadOp</name>
         <value>0x20009f4d</value>
         <object_component_ref idref="oc-833"/>
      </symbol>
      <symbol id="sm-112e">
         <name>_SlDrvDataWriteOp</name>
         <value>0x2000b135</value>
         <object_component_ref idref="oc-843"/>
      </symbol>
      <symbol id="sm-112f">
         <name>_SlDrvRxIrqHandler</name>
         <value>0x2000ed89</value>
         <object_component_ref idref="oc-2d8"/>
      </symbol>
      <symbol id="sm-1130">
         <name>_SlDrvSyncObjWaitForever</name>
         <value>0x2000fda1</value>
         <object_component_ref idref="oc-3f6"/>
      </symbol>
      <symbol id="sm-1131">
         <name>g_SlDeviceStatus</name>
         <value>0x2001fbe8</value>
         <object_component_ref idref="oc-2d5"/>
      </symbol>
      <symbol id="sm-1132">
         <name>_SlDrvCmdSend</name>
         <value>0x2000e479</value>
         <object_component_ref idref="oc-b0f"/>
      </symbol>
      <symbol id="sm-1133">
         <name>_SlActionLookupTable</name>
         <value>0x200109a4</value>
         <object_component_ref idref="oc-a01"/>
      </symbol>
      <symbol id="sm-11db">
         <name>sl_NetAppMDNSUnRegisterService</name>
         <value>0x2000e7b5</value>
         <object_component_ref idref="oc-10b"/>
      </symbol>
      <symbol id="sm-11dc">
         <name>_SlNetAppSendTokenValueCmdCtrl</name>
         <value>0x20010bb6</value>
         <object_component_ref idref="oc-b15"/>
      </symbol>
      <symbol id="sm-11dd">
         <name>sl_NetAppDnsGetHostByName</name>
         <value>0x2000b511</value>
         <object_component_ref idref="oc-154"/>
      </symbol>
      <symbol id="sm-11de">
         <name>_sl_HandleAsync_DnsGetHostByName</name>
         <value>0x2000d7cd</value>
         <object_component_ref idref="oc-a7f"/>
      </symbol>
      <symbol id="sm-11df">
         <name>_sl_HandleAsync_PingResponse</name>
         <value>0x2000d85d</value>
         <object_component_ref idref="oc-9ed"/>
      </symbol>
      <symbol id="sm-11e0">
         <name>_SlDrvNetAppEventHandler</name>
         <value>0x2000bf85</value>
         <object_component_ref idref="oc-9e7"/>
      </symbol>
      <symbol id="sm-11e1">
         <name>_sl_HandleAsync_DnsGetHostByService</name>
         <value>0x2000cb55</value>
         <object_component_ref idref="oc-a85"/>
      </symbol>
      <symbol id="sm-11e2">
         <name>_sl_NetAppSendTokenValue</name>
         <value>0x2000e4e5</value>
         <object_component_ref idref="oc-a91"/>
      </symbol>
      <symbol id="sm-11e3">
         <name>sl_NetAppMDNSRegisterUnregisterService</name>
         <value>0x2000c711</value>
         <object_component_ref idref="oc-346"/>
      </symbol>
      <symbol id="sm-1205">
         <name>sl_NetCfgSet</name>
         <value>0x2000d441</value>
         <object_component_ref idref="oc-ff"/>
      </symbol>
      <symbol id="sm-124d">
         <name>_SlNonOsSemSet</name>
         <value>0x20010319</value>
         <object_component_ref idref="oc-544"/>
      </symbol>
      <symbol id="sm-124e">
         <name>_SlNonOsSpawn</name>
         <value>0x2000e689</value>
         <object_component_ref idref="oc-5fa"/>
      </symbol>
      <symbol id="sm-124f">
         <name>_SlNonOsSemGet</name>
         <value>0x2000cf25</value>
         <object_component_ref idref="oc-54a"/>
      </symbol>
      <symbol id="sm-1250">
         <name>_SlNonOsMainLoopTask</name>
         <value>0x2000e2b5</value>
         <object_component_ref idref="oc-d5"/>
      </symbol>
      <symbol id="sm-1251">
         <name>g__SlNonOsCB</name>
         <value>0x2001fb78</value>
         <object_component_ref idref="oc-2ea"/>
      </symbol>
      <symbol id="sm-1352">
         <name>sl_Recv</name>
         <value>0x2000d269</value>
         <object_component_ref idref="oc-65c"/>
      </symbol>
      <symbol id="sm-1353">
         <name>sl_Send</name>
         <value>0x2000b8c9</value>
         <object_component_ref idref="oc-662"/>
      </symbol>
      <symbol id="sm-1354">
         <name>_sl_HandleAsync_Connect</name>
         <value>0x2000ded5</value>
         <object_component_ref idref="oc-aa7"/>
      </symbol>
      <symbol id="sm-1355">
         <name>sl_Htonl</name>
         <value>0x2000f4c9</value>
         <object_component_ref idref="oc-160"/>
      </symbol>
      <symbol id="sm-1356">
         <name>sl_Htons</name>
         <value>0x2000f7b9</value>
         <object_component_ref idref="oc-15a"/>
      </symbol>
      <symbol id="sm-1357">
         <name>sl_Connect</name>
         <value>0x2000ab65</value>
         <object_component_ref idref="oc-38c"/>
      </symbol>
      <symbol id="sm-1358">
         <name>sl_Socket</name>
         <value>0x2000dbad</value>
         <object_component_ref idref="oc-386"/>
      </symbol>
      <symbol id="sm-1359">
         <name>_sl_HandleAsync_Select</name>
         <value>0x2000eddd</value>
         <object_component_ref idref="oc-aad"/>
      </symbol>
      <symbol id="sm-135a">
         <name>sl_Close</name>
         <value>0x2000e9a5</value>
         <object_component_ref idref="oc-392"/>
      </symbol>
      <symbol id="sm-135b">
         <name>_sl_HandleAsync_Accept</name>
         <value>0x2000e6ed</value>
         <object_component_ref idref="oc-aa1"/>
      </symbol>
      <symbol id="sm-135c">
         <name>sl_SetSockOpt</name>
         <value>0x2000d4d9</value>
         <object_component_ref idref="oc-371"/>
      </symbol>
      <symbol id="sm-1416">
         <name>sl_WlanDisconnect</name>
         <value>0x2000f911</value>
         <object_component_ref idref="oc-f9"/>
      </symbol>
      <symbol id="sm-1417">
         <name>sl_WlanPolicySet</name>
         <value>0x2000d8ed</value>
         <object_component_ref idref="oc-ed"/>
      </symbol>
      <symbol id="sm-1418">
         <name>sl_WlanProfileDel</name>
         <value>0x2000ea05</value>
         <object_component_ref idref="oc-f3"/>
      </symbol>
      <symbol id="sm-1419">
         <name>sl_WlanRxFilterSet</name>
         <value>0x2000de51</value>
         <object_component_ref idref="oc-114"/>
      </symbol>
      <symbol id="sm-141a">
         <name>sl_WlanConnect</name>
         <value>0x2000981d</value>
         <object_component_ref idref="oc-124"/>
      </symbol>
      <symbol id="sm-141b">
         <name>sl_WlanSet</name>
         <value>0x2000d571</value>
         <object_component_ref idref="oc-105"/>
      </symbol>
      <symbol id="sm-141c">
         <name>sl_WlanSetMode</name>
         <value>0x2000ea65</value>
         <object_component_ref idref="oc-db"/>
      </symbol>
      <symbol id="sm-153c">
         <name>g_ucDinDout</name>
         <value>0x2001f8e0</value>
      </symbol>
      <symbol id="sm-153d">
         <name>g_cDummy</name>
         <value>0x2001f976</value>
      </symbol>
      <symbol id="sm-153e">
         <name>NwpMaskInterrupt</name>
         <value>0x2001050d</value>
         <object_component_ref idref="oc-5b8"/>
      </symbol>
      <symbol id="sm-153f">
         <name>NwpPrePowerOffTimout0</name>
         <value>0x2000ffed</value>
         <object_component_ref idref="oc-2ff"/>
      </symbol>
      <symbol id="sm-1540">
         <name>NwpRegisterInterruptHandler</name>
         <value>0x2000f64d</value>
         <object_component_ref idref="oc-2b4"/>
      </symbol>
      <symbol id="sm-1541">
         <name>g_pHostIntHdl</name>
         <value>0x2001fc14</value>
         <object_component_ref idref="oc-5a3"/>
      </symbol>
      <symbol id="sm-1542">
         <name>simplelink_timerA2_start</name>
         <value>0x2000f77d</value>
         <object_component_ref idref="oc-9cd"/>
      </symbol>
      <symbol id="sm-1543">
         <name>NwpUnMaskInterrupt</name>
         <value>0x20010519</value>
         <object_component_ref idref="oc-5d2"/>
      </symbol>
      <symbol id="sm-1544">
         <name>NwpPowerOff</name>
         <value>0x2000f831</value>
         <object_component_ref idref="oc-2ae"/>
      </symbol>
      <symbol id="sm-1545">
         <name>TimerGetCurrentTimestamp</name>
         <value>0x2001000d</value>
         <object_component_ref idref="oc-911"/>
      </symbol>
      <symbol id="sm-1546">
         <name>spi_Read</name>
         <value>0x2000c275</value>
         <object_component_ref idref="oc-931"/>
      </symbol>
      <symbol id="sm-1547">
         <name>DmaSpiSwIntHandler</name>
         <value>0x2000fe91</value>
         <object_component_ref idref="oc-5a9"/>
      </symbol>
      <symbol id="sm-1548">
         <name>NwpPowerOn</name>
         <value>0x2000fba1</value>
         <object_component_ref idref="oc-2ba"/>
      </symbol>
      <symbol id="sm-1549">
         <name>spi_Close</name>
         <value>0x2000e1c5</value>
         <object_component_ref idref="oc-305"/>
      </symbol>
      <symbol id="sm-154a">
         <name>spi_Write</name>
         <value>0x2000d609</value>
         <object_component_ref idref="oc-81d"/>
      </symbol>
      <symbol id="sm-154b">
         <name>spi_Open</name>
         <value>0x2000b285</value>
         <object_component_ref idref="oc-2a2"/>
      </symbol>
      <symbol id="sm-154c">
         <name>g_ucDMAEnabled</name>
         <value>0x2001fc18</value>
         <object_component_ref idref="oc-5a3"/>
      </symbol>
      <symbol id="sm-154d">
         <name>g_SpiFd</name>
         <value>0x2001fc10</value>
         <object_component_ref idref="oc-5a3"/>
      </symbol>
      <symbol id="sm-1689">
         <name>HTTPCli_setRequestFields</name>
         <value>0x2000681d</value>
         <object_component_ref idref="oc-12a"/>
      </symbol>
      <symbol id="sm-168a">
         <name>HTTPCli_setSecureParams</name>
         <value>0x20006869</value>
         <object_component_ref idref="oc-12a"/>
      </symbol>
      <symbol id="sm-168b">
         <name>HTTPCli_create</name>
         <value>0x20006751</value>
         <object_component_ref idref="oc-12a"/>
      </symbol>
      <symbol id="sm-168c">
         <name>HTTPCli_construct</name>
         <value>0x20006709</value>
         <object_component_ref idref="oc-12a"/>
      </symbol>
      <symbol id="sm-168d">
         <name>HTTPCli_getResponseField</name>
         <value>0x20006a1d</value>
         <object_component_ref idref="oc-12a"/>
      </symbol>
      <symbol id="sm-168e">
         <name>HTTPCli_readRawResponseBody</name>
         <value>0x20006c2d</value>
         <object_component_ref idref="oc-12a"/>
      </symbol>
      <symbol id="sm-168f">
         <name>HTTPCli_connect</name>
         <value>0x200065e7</value>
         <object_component_ref idref="oc-12a"/>
      </symbol>
      <symbol id="sm-1690">
         <name>HTTPCli_sendRequest</name>
         <value>0x20006889</value>
         <object_component_ref idref="oc-12a"/>
      </symbol>
      <symbol id="sm-1691">
         <name>HTTPCli_readResponseBody</name>
         <value>0x20006ba1</value>
         <object_component_ref idref="oc-12a"/>
      </symbol>
      <symbol id="sm-1692">
         <name>HTTPCli_sendField</name>
         <value>0x20006957</value>
         <object_component_ref idref="oc-12a"/>
      </symbol>
      <symbol id="sm-1693">
         <name>HTTPCli_delete</name>
         <value>0x20006769</value>
         <object_component_ref idref="oc-12a"/>
      </symbol>
      <symbol id="sm-1694">
         <name>HTTPCli_destruct</name>
         <value>0x2000679f</value>
         <object_component_ref idref="oc-12a"/>
      </symbol>
      <symbol id="sm-1695">
         <name>HTTPCli_setProxy</name>
         <value>0x20006c6d</value>
         <object_component_ref idref="oc-12a"/>
      </symbol>
      <symbol id="sm-1696">
         <name>bufferedRecv</name>
         <value>0x20005d03</value>
         <object_component_ref idref="oc-12a"/>
      </symbol>
      <symbol id="sm-1697">
         <name>HTTPCli_initSockAddr</name>
         <value>0x200064d9</value>
         <object_component_ref idref="oc-12a"/>
      </symbol>
      <symbol id="sm-1698">
         <name>HTTPCli_getResponseStatus</name>
         <value>0x200069e7</value>
         <object_component_ref idref="oc-12a"/>
      </symbol>
      <symbol id="sm-1699">
         <name>HTTPCli_disconnect</name>
         <value>0x200067e7</value>
         <object_component_ref idref="oc-12a"/>
      </symbol>
      <symbol id="sm-169a">
         <name>HTTPCli_setResponseFields</name>
         <value>0x20006843</value>
         <object_component_ref idref="oc-12a"/>
      </symbol>
      <symbol id="sm-169b">
         <name>HTTPCli_sendRequestBody</name>
         <value>0x200069af</value>
         <object_component_ref idref="oc-12a"/>
      </symbol>
      <symbol id="sm-16d0">
         <name>Ssock_startSecure</name>
         <value>0x200092df</value>
         <object_component_ref idref="oc-362"/>
      </symbol>
      <symbol id="sm-16d1">
         <name>Ssock_recv</name>
         <value>0x20009127</value>
         <object_component_ref idref="oc-362"/>
      </symbol>
      <symbol id="sm-16d2">
         <name>Ssock_delete</name>
         <value>0x2000909f</value>
         <object_component_ref idref="oc-362"/>
      </symbol>
      <symbol id="sm-16d3">
         <name>Ssock_send</name>
         <value>0x200091c5</value>
         <object_component_ref idref="oc-362"/>
      </symbol>
      <symbol id="sm-16d4">
         <name>Ssock_getSocket</name>
         <value>0x20009119</value>
         <object_component_ref idref="oc-362"/>
      </symbol>
      <symbol id="sm-16d5">
         <name>Ssock_recvall</name>
         <value>0x20009181</value>
         <object_component_ref idref="oc-362"/>
      </symbol>
      <symbol id="sm-16d6">
         <name>Ssock_construct</name>
         <value>0x20009045</value>
         <object_component_ref idref="oc-362"/>
      </symbol>
      <symbol id="sm-16d7">
         <name>Ssock_create</name>
         <value>0x20009085</value>
         <object_component_ref idref="oc-362"/>
      </symbol>
      <symbol id="sm-16d8">
         <name>Ssock_destruct</name>
         <value>0x200090c7</value>
         <object_component_ref idref="oc-362"/>
      </symbol>
      <symbol id="sm-1733">
         <name>jsmn_init</name>
         <value>0x20008657</value>
         <object_component_ref idref="oc-136"/>
      </symbol>
      <symbol id="sm-1734">
         <name>jsmn_parse</name>
         <value>0x20008345</value>
         <object_component_ref idref="oc-136"/>
      </symbol>
      <symbol id="sm-17ef">
         <name>SPIFIFODisable</name>
         <value>0x20010253</value>
         <object_component_ref idref="oc-631"/>
      </symbol>
      <symbol id="sm-17f0">
         <name>SPICSEnable</name>
         <value>0x200102b9</value>
         <object_component_ref idref="oc-948"/>
      </symbol>
      <symbol id="sm-17f1">
         <name>SPIDisable</name>
         <value>0x200102d1</value>
         <object_component_ref idref="oc-55b"/>
      </symbol>
      <symbol id="sm-17f2">
         <name>SPIFIFOEnable</name>
         <value>0x2001026d</value>
         <object_component_ref idref="oc-579"/>
      </symbol>
      <symbol id="sm-17f3">
         <name>SPIWordCountSet</name>
         <value>0x2000ff89</value>
         <object_component_ref idref="oc-94e"/>
      </symbol>
      <symbol id="sm-17f4">
         <name>SPIEnable</name>
         <value>0x200102e9</value>
         <object_component_ref idref="oc-59d"/>
      </symbol>
      <symbol id="sm-17f5">
         <name>SPIDmaEnable</name>
         <value>0x20010239</value>
         <object_component_ref idref="oc-57f"/>
      </symbol>
      <symbol id="sm-17f6">
         <name>SPIConfigSetExpClk</name>
         <value>0x2000d1c9</value>
         <object_component_ref idref="oc-567"/>
      </symbol>
      <symbol id="sm-17f7">
         <name>SPIIntUnregister</name>
         <value>0x20010287</value>
         <object_component_ref idref="oc-62b"/>
      </symbol>
      <symbol id="sm-17f8">
         <name>SPIFIFOLevelSet</name>
         <value>0x2000f9b5</value>
         <object_component_ref idref="oc-585"/>
      </symbol>
      <symbol id="sm-17f9">
         <name>SPIDmaDisable</name>
         <value>0x2001021f</value>
         <object_component_ref idref="oc-637"/>
      </symbol>
      <symbol id="sm-17fa">
         <name>SPIReset</name>
         <value>0x2000ff67</value>
         <object_component_ref idref="oc-561"/>
      </symbol>
      <symbol id="sm-17fb">
         <name>SPIIntEnable</name>
         <value>0x2000ef29</value>
         <object_component_ref idref="oc-597"/>
      </symbol>
      <symbol id="sm-17fc">
         <name>SPIIntClear</name>
         <value>0x2000f189</value>
         <object_component_ref idref="oc-7f6"/>
      </symbol>
      <symbol id="sm-17fd">
         <name>SPICSDisable</name>
         <value>0x200102a1</value>
         <object_component_ref idref="oc-555"/>
      </symbol>
      <symbol id="sm-1830">
         <name>TimerLoadSet</name>
         <value>0x2000fca9</value>
         <object_component_ref idref="oc-a63"/>
      </symbol>
      <symbol id="sm-1831">
         <name>TimerEnable</name>
         <value>0x200100ab</value>
         <object_component_ref idref="oc-a69"/>
      </symbol>
      <symbol id="sm-1832">
         <name>TimerValueGet</name>
         <value>0x2001013f</value>
         <object_component_ref idref="oc-9d3"/>
      </symbol>
      <symbol id="sm-1833">
         <name>TimerPrescaleSet</name>
         <value>0x2000fcd3</value>
         <object_component_ref idref="oc-a5d"/>
      </symbol>
      <symbol id="sm-1834">
         <name>TimerConfigure</name>
         <value>0x2000f375</value>
         <object_component_ref idref="oc-a57"/>
      </symbol>
      <symbol id="sm-188b">
         <name>uDMAChannelControlSet</name>
         <value>0x2000f7f5</value>
         <object_component_ref idref="oc-abb"/>
      </symbol>
      <symbol id="sm-188c">
         <name>uDMAChannelAttributeEnable</name>
         <value>0x2000e87d</value>
         <object_component_ref idref="oc-ac1"/>
      </symbol>
      <symbol id="sm-188d">
         <name>uDMAChannelTransferSet</name>
         <value>0x2000c365</value>
         <object_component_ref idref="oc-ac7"/>
      </symbol>
      <symbol id="sm-188e">
         <name>uDMAChannelAssign</name>
         <value>0x2000f13d</value>
         <object_component_ref idref="oc-7d0"/>
      </symbol>
      <symbol id="sm-188f">
         <name>uDMAChannelAttributeDisable</name>
         <value>0x2000e819</value>
         <object_component_ref idref="oc-7d6"/>
      </symbol>
      <symbol id="sm-1890">
         <name>uDMAChannelEnable</name>
         <value>0x200101e9</value>
         <object_component_ref idref="oc-acd"/>
      </symbol>
      <symbol id="sm-1891">
         <name>__TI_static_base__</name>
         <value>0x20010bf0</value>
      </symbol>
      <symbol id="sm-1894">
         <name>Timer_IF_InterruptClear</name>
         <value>0x0</value>
      </symbol>
      <symbol id="sm-1895">
         <name>Timer_IF_Init</name>
         <value>0x0</value>
      </symbol>
      <symbol id="sm-1896">
         <name>Timer_IF_IntSetup</name>
         <value>0x0</value>
      </symbol>
      <symbol id="sm-1897">
         <name>Timer_IF_Start</name>
         <value>0x0</value>
      </symbol>
      <symbol id="sm-1898">
         <name>__mpu_init</name>
         <value>0x0</value>
      </symbol>
      <symbol id="sm-1899">
         <name>_system_post_cinit</name>
         <value>0x0</value>
      </symbol>
      <symbol id="sm-189a">
         <name>remove</name>
         <value>0x2000fc7d</value>
      </symbol>
   </symbol_table>
   <title>Link errors: red sections failed placement</title>
</link_info>
